00000000 00100000 ldc 0x1000
00000001 0000000B a2sp
00000002 FFFFFB0A adj -5
00000003 00003500 ldc n
00000004 00000004 ldnl 0
00000005 00000003 stl 0
00000006 00000002 ldl 0
00000007 FFFFFF01 adc -1
00000008 00000103 stl 1
00000009 outer:
00000009 00000102 ldl 1
0000000A 0000240F brz done
0000000B 00000000 ldc 0
0000000C 00000203 stl 2
0000000D inner:
0000000D 00000202 ldl 2
0000000E 00000102 ldl 1
0000000F 00000007 sub
00000010 00000110 brlz body
00000011 00001911 br nextouter
00000012 body:
00000012 00003000 ldc array
00000013 00000202 ldl 2
00000014 00000006 add
00000015 00000303 stl 3
00000016 00000302 ldl 3
00000017 00000104 ldnl 1
00000018 00000302 ldl 3
00000019 00000004 ldnl 0
0000001A 00000007 sub
0000001B 00000110 brlz swap
0000001C 00000A11 br noswap
0000001D swap:
0000001D 00000302 ldl 3
0000001E 00000004 ldnl 0
0000001F 00000403 stl 4
00000020 00000302 ldl 3
00000021 00000104 ldnl 1
00000022 00000302 ldl 3
00000023 00000005 stnl 0
00000024 00000402 ldl 4
00000025 00000302 ldl 3
00000026 00000105 stnl 1
00000027 noswap:
00000027 00000202 ldl 2
00000028 00000101 adc 1
00000029 00000203 stl 2
0000002A FFFFE211 br inner
0000002B nextouter:
0000002B 00000102 ldl 1
0000002C FFFFFF01 adc -1
0000002D 00000103 stl 1
0000002E FFFFDA11 br outer
0000002F done:
0000002F 00000012 HALT
00000030 array:
00000030 00000005 data 5
00000031 00000003 data 3
00000032 00000008 data 8
00000033 00000001 data 1
00000034 00000004 data 4
00000035 n:
00000035 00000005 data 5
