Program loaded: 54 words

Execution Start
PC=0 A=0 B=0 SP=0 OPCODE=0 OPERAND=4096
PC=1 A=4096 B=0 SP=0 OPCODE=11 OPERAND=0
PC=2 A=0 B=0 SP=4096 OPCODE=10 OPERAND=-5
PC=3 A=0 B=0 SP=4091 OPCODE=0 OPERAND=53
PC=4 A=53 B=0 SP=4091 OPCODE=4 OPERAND=0
PC=5 A=5 B=0 SP=4091 OPCODE=3 OPERAND=0
PC=6 A=0 B=0 SP=4091 OPCODE=2 OPERAND=0
PC=7 A=5 B=0 SP=4091 OPCODE=1 OPERAND=-1
PC=8 A=4 B=0 SP=4091 OPCODE=3 OPERAND=1
PC=9 A=0 B=0 SP=4091 OPCODE=2 OPERAND=1
PC=10 A=4 B=0 SP=4091 OPCODE=15 OPERAND=36
PC=11 A=4 B=0 SP=4091 OPCODE=0 OPERAND=0
PC=12 A=0 B=4 SP=4091 OPCODE=3 OPERAND=2
PC=13 A=4 B=4 SP=4091 OPCODE=2 OPERAND=2
PC=14 A=0 B=4 SP=4091 OPCODE=2 OPERAND=1
PC=15 A=4 B=0 SP=4091 OPCODE=7 OPERAND=0
PC=16 A=-4 B=0 SP=4091 OPCODE=16 OPERAND=1
PC=18 A=-4 B=0 SP=4091 OPCODE=0 OPERAND=48
PC=19 A=48 B=-4 SP=4091 OPCODE=2 OPERAND=2
PC=20 A=0 B=48 SP=4091 OPCODE=6 OPERAND=0
PC=21 A=48 B=48 SP=4091 OPCODE=3 OPERAND=3
PC=22 A=48 B=48 SP=4091 OPCODE=2 OPERAND=3
PC=23 A=48 B=48 SP=4091 OPCODE=4 OPERAND=1
PC=24 A=3 B=48 SP=4091 OPCODE=2 OPERAND=3
PC=25 A=48 B=3 SP=4091 OPCODE=4 OPERAND=0
PC=26 A=5 B=3 SP=4091 OPCODE=7 OPERAND=0
PC=27 A=-2 B=3 SP=4091 OPCODE=16 OPERAND=1
PC=29 A=-2 B=3 SP=4091 OPCODE=2 OPERAND=3
PC=30 A=48 B=-2 SP=4091 OPCODE=4 OPERAND=0
PC=31 A=5 B=-2 SP=4091 OPCODE=3 OPERAND=4
PC=32 A=-2 B=-2 SP=4091 OPCODE=2 OPERAND=3
PC=33 A=48 B=-2 SP=4091 OPCODE=4 OPERAND=1
PC=34 A=3 B=-2 SP=4091 OPCODE=2 OPERAND=3
PC=35 A=48 B=3 SP=4091 OPCODE=5 OPERAND=0
PC=36 A=48 B=3 SP=4091 OPCODE=2 OPERAND=4
PC=37 A=5 B=48 SP=4091 OPCODE=2 OPERAND=3
PC=38 A=48 B=5 SP=4091 OPCODE=5 OPERAND=1
PC=39 A=48 B=5 SP=4091 OPCODE=2 OPERAND=2
PC=40 A=0 B=48 SP=4091 OPCODE=1 OPERAND=1
PC=41 A=1 B=48 SP=4091 OPCODE=3 OPERAND=2
PC=42 A=48 B=48 SP=4091 OPCODE=17 OPERAND=-30
PC=13 A=48 B=48 SP=4091 OPCODE=2 OPERAND=2
PC=14 A=1 B=48 SP=4091 OPCODE=2 OPERAND=1
PC=15 A=4 B=1 SP=4091 OPCODE=7 OPERAND=0
PC=16 A=-3 B=1 SP=4091 OPCODE=16 OPERAND=1
PC=18 A=-3 B=1 SP=4091 OPCODE=0 OPERAND=48
PC=19 A=48 B=-3 SP=4091 OPCODE=2 OPERAND=2
PC=20 A=1 B=48 SP=4091 OPCODE=6 OPERAND=0
PC=21 A=49 B=48 SP=4091 OPCODE=3 OPERAND=3
PC=22 A=48 B=48 SP=4091 OPCODE=2 OPERAND=3
PC=23 A=49 B=48 SP=4091 OPCODE=4 OPERAND=1
PC=24 A=8 B=48 SP=4091 OPCODE=2 OPERAND=3
PC=25 A=49 B=8 SP=4091 OPCODE=4 OPERAND=0
PC=26 A=5 B=8 SP=4091 OPCODE=7 OPERAND=0
PC=27 A=3 B=8 SP=4091 OPCODE=16 OPERAND=1
PC=28 A=3 B=8 SP=4091 OPCODE=17 OPERAND=10
PC=39 A=3 B=8 SP=4091 OPCODE=2 OPERAND=2
PC=40 A=1 B=3 SP=4091 OPCODE=1 OPERAND=1
PC=41 A=2 B=3 SP=4091 OPCODE=3 OPERAND=2
PC=42 A=3 B=3 SP=4091 OPCODE=17 OPERAND=-30
PC=13 A=3 B=3 SP=4091 OPCODE=2 OPERAND=2
PC=14 A=2 B=3 SP=4091 OPCODE=2 OPERAND=1
PC=15 A=4 B=2 SP=4091 OPCODE=7 OPERAND=0
PC=16 A=-2 B=2 SP=4091 OPCODE=16 OPERAND=1
PC=18 A=-2 B=2 SP=4091 OPCODE=0 OPERAND=48
PC=19 A=48 B=-2 SP=4091 OPCODE=2 OPERAND=2
PC=20 A=2 B=48 SP=4091 OPCODE=6 OPERAND=0
PC=21 A=50 B=48 SP=4091 OPCODE=3 OPERAND=3
PC=22 A=48 B=48 SP=4091 OPCODE=2 OPERAND=3
PC=23 A=50 B=48 SP=4091 OPCODE=4 OPERAND=1
PC=24 A=1 B=48 SP=4091 OPCODE=2 OPERAND=3
PC=25 A=50 B=1 SP=4091 OPCODE=4 OPERAND=0
PC=26 A=8 B=1 SP=4091 OPCODE=7 OPERAND=0
PC=27 A=-7 B=1 SP=4091 OPCODE=16 OPERAND=1
PC=29 A=-7 B=1 SP=4091 OPCODE=2 OPERAND=3
PC=30 A=50 B=-7 SP=4091 OPCODE=4 OPERAND=0
PC=31 A=8 B=-7 SP=4091 OPCODE=3 OPERAND=4
PC=32 A=-7 B=-7 SP=4091 OPCODE=2 OPERAND=3
PC=33 A=50 B=-7 SP=4091 OPCODE=4 OPERAND=1
PC=34 A=1 B=-7 SP=4091 OPCODE=2 OPERAND=3
PC=35 A=50 B=1 SP=4091 OPCODE=5 OPERAND=0
PC=36 A=50 B=1 SP=4091 OPCODE=2 OPERAND=4
PC=37 A=8 B=50 SP=4091 OPCODE=2 OPERAND=3
PC=38 A=50 B=8 SP=4091 OPCODE=5 OPERAND=1
PC=39 A=50 B=8 SP=4091 OPCODE=2 OPERAND=2
PC=40 A=2 B=50 SP=4091 OPCODE=1 OPERAND=1
PC=41 A=3 B=50 SP=4091 OPCODE=3 OPERAND=2
PC=42 A=50 B=50 SP=4091 OPCODE=17 OPERAND=-30
PC=13 A=50 B=50 SP=4091 OPCODE=2 OPERAND=2
PC=14 A=3 B=50 SP=4091 OPCODE=2 OPERAND=1
PC=15 A=4 B=3 SP=4091 OPCODE=7 OPERAND=0
PC=16 A=-1 B=3 SP=4091 OPCODE=16 OPERAND=1
PC=18 A=-1 B=3 SP=4091 OPCODE=0 OPERAND=48
PC=19 A=48 B=-1 SP=4091 OPCODE=2 OPERAND=2
PC=20 A=3 B=48 SP=4091 OPCODE=6 OPERAND=0
PC=21 A=51 B=48 SP=4091 OPCODE=3 OPERAND=3
PC=22 A=48 B=48 SP=4091 OPCODE=2 OPERAND=3
PC=23 A=51 B=48 SP=4091 OPCODE=4 OPERAND=1
PC=24 A=4 B=48 SP=4091 OPCODE=2 OPERAND=3
PC=25 A=51 B=4 SP=4091 OPCODE=4 OPERAND=0
PC=26 A=8 B=4 SP=4091 OPCODE=7 OPERAND=0
PC=27 A=-4 B=4 SP=4091 OPCODE=16 OPERAND=1
PC=29 A=-4 B=4 SP=4091 OPCODE=2 OPERAND=3
PC=30 A=51 B=-4 SP=4091 OPCODE=4 OPERAND=0
PC=31 A=8 B=-4 SP=4091 OPCODE=3 OPERAND=4
PC=32 A=-4 B=-4 SP=4091 OPCODE=2 OPERAND=3
PC=33 A=51 B=-4 SP=4091 OPCODE=4 OPERAND=1
PC=34 A=4 B=-4 SP=4091 OPCODE=2 OPERAND=3
PC=35 A=51 B=4 SP=4091 OPCODE=5 OPERAND=0
PC=36 A=51 B=4 SP=4091 OPCODE=2 OPERAND=4
PC=37 A=8 B=51 SP=4091 OPCODE=2 OPERAND=3
PC=38 A=51 B=8 SP=4091 OPCODE=5 OPERAND=1
PC=39 A=51 B=8 SP=4091 OPCODE=2 OPERAND=2
PC=40 A=3 B=51 SP=4091 OPCODE=1 OPERAND=1
PC=41 A=4 B=51 SP=4091 OPCODE=3 OPERAND=2
PC=42 A=51 B=51 SP=4091 OPCODE=17 OPERAND=-30
PC=13 A=51 B=51 SP=4091 OPCODE=2 OPERAND=2
PC=14 A=4 B=51 SP=4091 OPCODE=2 OPERAND=1
PC=15 A=4 B=4 SP=4091 OPCODE=7 OPERAND=0
PC=16 A=0 B=4 SP=4091 OPCODE=16 OPERAND=1
PC=17 A=0 B=4 SP=4091 OPCODE=17 OPERAND=25
PC=43 A=0 B=4 SP=4091 OPCODE=2 OPERAND=1
PC=44 A=4 B=0 SP=4091 OPCODE=1 OPERAND=-1
PC=45 A=3 B=0 SP=4091 OPCODE=3 OPERAND=1
PC=46 A=0 B=0 SP=4091 OPCODE=17 OPERAND=-38
PC=9 A=0 B=0 SP=4091 OPCODE=2 OPERAND=1
PC=10 A=3 B=0 SP=4091 OPCODE=15 OPERAND=36
PC=11 A=3 B=0 SP=4091 OPCODE=0 OPERAND=0
PC=12 A=0 B=3 SP=4091 OPCODE=3 OPERAND=2
PC=13 A=3 B=3 SP=4091 OPCODE=2 OPERAND=2
PC=14 A=0 B=3 SP=4091 OPCODE=2 OPERAND=1
PC=15 A=3 B=0 SP=4091 OPCODE=7 OPERAND=0
PC=16 A=-3 B=0 SP=4091 OPCODE=16 OPERAND=1
PC=18 A=-3 B=0 SP=4091 OPCODE=0 OPERAND=48
PC=19 A=48 B=-3 SP=4091 OPCODE=2 OPERAND=2
PC=20 A=0 B=48 SP=4091 OPCODE=6 OPERAND=0
PC=21 A=48 B=48 SP=4091 OPCODE=3 OPERAND=3
PC=22 A=48 B=48 SP=4091 OPCODE=2 OPERAND=3
PC=23 A=48 B=48 SP=4091 OPCODE=4 OPERAND=1
PC=24 A=5 B=48 SP=4091 OPCODE=2 OPERAND=3
PC=25 A=48 B=5 SP=4091 OPCODE=4 OPERAND=0
PC=26 A=3 B=5 SP=4091 OPCODE=7 OPERAND=0
PC=27 A=2 B=5 SP=4091 OPCODE=16 OPERAND=1
PC=28 A=2 B=5 SP=4091 OPCODE=17 OPERAND=10
PC=39 A=2 B=5 SP=4091 OPCODE=2 OPERAND=2
PC=40 A=0 B=2 SP=4091 OPCODE=1 OPERAND=1
PC=41 A=1 B=2 SP=4091 OPCODE=3 OPERAND=2
PC=42 A=2 B=2 SP=4091 OPCODE=17 OPERAND=-30
PC=13 A=2 B=2 SP=4091 OPCODE=2 OPERAND=2
PC=14 A=1 B=2 SP=4091 OPCODE=2 OPERAND=1
PC=15 A=3 B=1 SP=4091 OPCODE=7 OPERAND=0
PC=16 A=-2 B=1 SP=4091 OPCODE=16 OPERAND=1
PC=18 A=-2 B=1 SP=4091 OPCODE=0 OPERAND=48
PC=19 A=48 B=-2 SP=4091 OPCODE=2 OPERAND=2
PC=20 A=1 B=48 SP=4091 OPCODE=6 OPERAND=0
PC=21 A=49 B=48 SP=4091 OPCODE=3 OPERAND=3
PC=22 A=48 B=48 SP=4091 OPCODE=2 OPERAND=3
PC=23 A=49 B=48 SP=4091 OPCODE=4 OPERAND=1
PC=24 A=1 B=48 SP=4091 OPCODE=2 OPERAND=3
PC=25 A=49 B=1 SP=4091 OPCODE=4 OPERAND=0
PC=26 A=5 B=1 SP=4091 OPCODE=7 OPERAND=0
PC=27 A=-4 B=1 SP=4091 OPCODE=16 OPERAND=1
PC=29 A=-4 B=1 SP=4091 OPCODE=2 OPERAND=3
PC=30 A=49 B=-4 SP=4091 OPCODE=4 OPERAND=0
PC=31 A=5 B=-4 SP=4091 OPCODE=3 OPERAND=4
PC=32 A=-4 B=-4 SP=4091 OPCODE=2 OPERAND=3
PC=33 A=49 B=-4 SP=4091 OPCODE=4 OPERAND=1
PC=34 A=1 B=-4 SP=4091 OPCODE=2 OPERAND=3
PC=35 A=49 B=1 SP=4091 OPCODE=5 OPERAND=0
PC=36 A=49 B=1 SP=4091 OPCODE=2 OPERAND=4
PC=37 A=5 B=49 SP=4091 OPCODE=2 OPERAND=3
PC=38 A=49 B=5 SP=4091 OPCODE=5 OPERAND=1
PC=39 A=49 B=5 SP=4091 OPCODE=2 OPERAND=2
PC=40 A=1 B=49 SP=4091 OPCODE=1 OPERAND=1
PC=41 A=2 B=49 SP=4091 OPCODE=3 OPERAND=2
PC=42 A=49 B=49 SP=4091 OPCODE=17 OPERAND=-30
PC=13 A=49 B=49 SP=4091 OPCODE=2 OPERAND=2
PC=14 A=2 B=49 SP=4091 OPCODE=2 OPERAND=1
PC=15 A=3 B=2 SP=4091 OPCODE=7 OPERAND=0
PC=16 A=-1 B=2 SP=4091 OPCODE=16 OPERAND=1
PC=18 A=-1 B=2 SP=4091 OPCODE=0 OPERAND=48
PC=19 A=48 B=-1 SP=4091 OPCODE=2 OPERAND=2
PC=20 A=2 B=48 SP=4091 OPCODE=6 OPERAND=0
PC=21 A=50 B=48 SP=4091 OPCODE=3 OPERAND=3
PC=22 A=48 B=48 SP=4091 OPCODE=2 OPERAND=3
PC=23 A=50 B=48 SP=4091 OPCODE=4 OPERAND=1
PC=24 A=4 B=48 SP=4091 OPCODE=2 OPERAND=3
PC=25 A=50 B=4 SP=4091 OPCODE=4 OPERAND=0
PC=26 A=5 B=4 SP=4091 OPCODE=7 OPERAND=0
PC=27 A=-1 B=4 SP=4091 OPCODE=16 OPERAND=1
PC=29 A=-1 B=4 SP=4091 OPCODE=2 OPERAND=3
PC=30 A=50 B=-1 SP=4091 OPCODE=4 OPERAND=0
PC=31 A=5 B=-1 SP=4091 OPCODE=3 OPERAND=4
PC=32 A=-1 B=-1 SP=4091 OPCODE=2 OPERAND=3
PC=33 A=50 B=-1 SP=4091 OPCODE=4 OPERAND=1
PC=34 A=4 B=-1 SP=4091 OPCODE=2 OPERAND=3
PC=35 A=50 B=4 SP=4091 OPCODE=5 OPERAND=0
PC=36 A=50 B=4 SP=4091 OPCODE=2 OPERAND=4
PC=37 A=5 B=50 SP=4091 OPCODE=2 OPERAND=3
PC=38 A=50 B=5 SP=4091 OPCODE=5 OPERAND=1
PC=39 A=50 B=5 SP=4091 OPCODE=2 OPERAND=2
PC=40 A=2 B=50 SP=4091 OPCODE=1 OPERAND=1
PC=41 A=3 B=50 SP=4091 OPCODE=3 OPERAND=2
PC=42 A=50 B=50 SP=4091 OPCODE=17 OPERAND=-30
PC=13 A=50 B=50 SP=4091 OPCODE=2 OPERAND=2
PC=14 A=3 B=50 SP=4091 OPCODE=2 OPERAND=1
PC=15 A=3 B=3 SP=4091 OPCODE=7 OPERAND=0
PC=16 A=0 B=3 SP=4091 OPCODE=16 OPERAND=1
PC=17 A=0 B=3 SP=4091 OPCODE=17 OPERAND=25
PC=43 A=0 B=3 SP=4091 OPCODE=2 OPERAND=1
PC=44 A=3 B=0 SP=4091 OPCODE=1 OPERAND=-1
PC=45 A=2 B=0 SP=4091 OPCODE=3 OPERAND=1
PC=46 A=0 B=0 SP=4091 OPCODE=17 OPERAND=-38
PC=9 A=0 B=0 SP=4091 OPCODE=2 OPERAND=1
PC=10 A=2 B=0 SP=4091 OPCODE=15 OPERAND=36
PC=11 A=2 B=0 SP=4091 OPCODE=0 OPERAND=0
PC=12 A=0 B=2 SP=4091 OPCODE=3 OPERAND=2
PC=13 A=2 B=2 SP=4091 OPCODE=2 OPERAND=2
PC=14 A=0 B=2 SP=4091 OPCODE=2 OPERAND=1
PC=15 A=2 B=0 SP=4091 OPCODE=7 OPERAND=0
PC=16 A=-2 B=0 SP=4091 OPCODE=16 OPERAND=1
PC=18 A=-2 B=0 SP=4091 OPCODE=0 OPERAND=48
PC=19 A=48 B=-2 SP=4091 OPCODE=2 OPERAND=2
PC=20 A=0 B=48 SP=4091 OPCODE=6 OPERAND=0
PC=21 A=48 B=48 SP=4091 OPCODE=3 OPERAND=3
PC=22 A=48 B=48 SP=4091 OPCODE=2 OPERAND=3
PC=23 A=48 B=48 SP=4091 OPCODE=4 OPERAND=1
PC=24 A=1 B=48 SP=4091 OPCODE=2 OPERAND=3
PC=25 A=48 B=1 SP=4091 OPCODE=4 OPERAND=0
PC=26 A=3 B=1 SP=4091 OPCODE=7 OPERAND=0
PC=27 A=-2 B=1 SP=4091 OPCODE=16 OPERAND=1
PC=29 A=-2 B=1 SP=4091 OPCODE=2 OPERAND=3
PC=30 A=48 B=-2 SP=4091 OPCODE=4 OPERAND=0
PC=31 A=3 B=-2 SP=4091 OPCODE=3 OPERAND=4
PC=32 A=-2 B=-2 SP=4091 OPCODE=2 OPERAND=3
PC=33 A=48 B=-2 SP=4091 OPCODE=4 OPERAND=1
PC=34 A=1 B=-2 SP=4091 OPCODE=2 OPERAND=3
PC=35 A=48 B=1 SP=4091 OPCODE=5 OPERAND=0
PC=36 A=48 B=1 SP=4091 OPCODE=2 OPERAND=4
PC=37 A=3 B=48 SP=4091 OPCODE=2 OPERAND=3
PC=38 A=48 B=3 SP=4091 OPCODE=5 OPERAND=1
PC=39 A=48 B=3 SP=4091 OPCODE=2 OPERAND=2
PC=40 A=0 B=48 SP=4091 OPCODE=1 OPERAND=1
PC=41 A=1 B=48 SP=4091 OPCODE=3 OPERAND=2
PC=42 A=48 B=48 SP=4091 OPCODE=17 OPERAND=-30
PC=13 A=48 B=48 SP=4091 OPCODE=2 OPERAND=2
PC=14 A=1 B=48 SP=4091 OPCODE=2 OPERAND=1
PC=15 A=2 B=1 SP=4091 OPCODE=7 OPERAND=0
PC=16 A=-1 B=1 SP=4091 OPCODE=16 OPERAND=1
PC=18 A=-1 B=1 SP=4091 OPCODE=0 OPERAND=48
PC=19 A=48 B=-1 SP=4091 OPCODE=2 OPERAND=2
PC=20 A=1 B=48 SP=4091 OPCODE=6 OPERAND=0
PC=21 A=49 B=48 SP=4091 OPCODE=3 OPERAND=3
PC=22 A=48 B=48 SP=4091 OPCODE=2 OPERAND=3
PC=23 A=49 B=48 SP=4091 OPCODE=4 OPERAND=1
PC=24 A=4 B=48 SP=4091 OPCODE=2 OPERAND=3
PC=25 A=49 B=4 SP=4091 OPCODE=4 OPERAND=0
PC=26 A=3 B=4 SP=4091 OPCODE=7 OPERAND=0
PC=27 A=1 B=4 SP=4091 OPCODE=16 OPERAND=1
PC=28 A=1 B=4 SP=4091 OPCODE=17 OPERAND=10
PC=39 A=1 B=4 SP=4091 OPCODE=2 OPERAND=2
PC=40 A=1 B=1 SP=4091 OPCODE=1 OPERAND=1
PC=41 A=2 B=1 SP=4091 OPCODE=3 OPERAND=2
PC=42 A=1 B=1 SP=4091 OPCODE=17 OPERAND=-30
PC=13 A=1 B=1 SP=4091 OPCODE=2 OPERAND=2
PC=14 A=2 B=1 SP=4091 OPCODE=2 OPERAND=1
PC=15 A=2 B=2 SP=4091 OPCODE=7 OPERAND=0
PC=16 A=0 B=2 SP=4091 OPCODE=16 OPERAND=1
PC=17 A=0 B=2 SP=4091 OPCODE=17 OPERAND=25
PC=43 A=0 B=2 SP=4091 OPCODE=2 OPERAND=1
PC=44 A=2 B=0 SP=4091 OPCODE=1 OPERAND=-1
PC=45 A=1 B=0 SP=4091 OPCODE=3 OPERAND=1
PC=46 A=0 B=0 SP=4091 OPCODE=17 OPERAND=-38
PC=9 A=0 B=0 SP=4091 OPCODE=2 OPERAND=1
PC=10 A=1 B=0 SP=4091 OPCODE=15 OPERAND=36
PC=11 A=1 B=0 SP=4091 OPCODE=0 OPERAND=0
PC=12 A=0 B=1 SP=4091 OPCODE=3 OPERAND=2
PC=13 A=1 B=1 SP=4091 OPCODE=2 OPERAND=2
PC=14 A=0 B=1 SP=4091 OPCODE=2 OPERAND=1
PC=15 A=1 B=0 SP=4091 OPCODE=7 OPERAND=0
PC=16 A=-1 B=0 SP=4091 OPCODE=16 OPERAND=1
PC=18 A=-1 B=0 SP=4091 OPCODE=0 OPERAND=48
PC=19 A=48 B=-1 SP=4091 OPCODE=2 OPERAND=2
PC=20 A=0 B=48 SP=4091 OPCODE=6 OPERAND=0
PC=21 A=48 B=48 SP=4091 OPCODE=3 OPERAND=3
PC=22 A=48 B=48 SP=4091 OPCODE=2 OPERAND=3
PC=23 A=48 B=48 SP=4091 OPCODE=4 OPERAND=1
PC=24 A=3 B=48 SP=4091 OPCODE=2 OPERAND=3
PC=25 A=48 B=3 SP=4091 OPCODE=4 OPERAND=0
PC=26 A=1 B=3 SP=4091 OPCODE=7 OPERAND=0
PC=27 A=2 B=3 SP=4091 OPCODE=16 OPERAND=1
PC=28 A=2 B=3 SP=4091 OPCODE=17 OPERAND=10
PC=39 A=2 B=3 SP=4091 OPCODE=2 OPERAND=2
PC=40 A=0 B=2 SP=4091 OPCODE=1 OPERAND=1
PC=41 A=1 B=2 SP=4091 OPCODE=3 OPERAND=2
PC=42 A=2 B=2 SP=4091 OPCODE=17 OPERAND=-30
PC=13 A=2 B=2 SP=4091 OPCODE=2 OPERAND=2
PC=14 A=1 B=2 SP=4091 OPCODE=2 OPERAND=1
PC=15 A=1 B=1 SP=4091 OPCODE=7 OPERAND=0
PC=16 A=0 B=1 SP=4091 OPCODE=16 OPERAND=1
PC=17 A=0 B=1 SP=4091 OPCODE=17 OPERAND=25
PC=43 A=0 B=1 SP=4091 OPCODE=2 OPERAND=1
PC=44 A=1 B=0 SP=4091 OPCODE=1 OPERAND=-1
PC=45 A=0 B=0 SP=4091 OPCODE=3 OPERAND=1
PC=46 A=0 B=0 SP=4091 OPCODE=17 OPERAND=-38
PC=9 A=0 B=0 SP=4091 OPCODE=2 OPERAND=1
PC=10 A=0 B=0 SP=4091 OPCODE=15 OPERAND=36
PC=47 A=0 B=0 SP=4091 OPCODE=18 OPERAND=0
HALT instruction encountered

Execution Finished

Final Registers
A=0 B=0 PC=48 SP=4091

Memory Dump
0x00000000 0x00100000 0x0000000B 0xFFFFFB0A 0x00003500 
0x00000004 0x00000004 0x00000003 0x00000002 0xFFFFFF01 
0x00000008 0x00000103 0x00000102 0x0000240F 0x00000000 
0x0000000C 0x00000203 0x00000202 0x00000102 0x00000007 
0x00000010 0x00000110 0x00001911 0x00003000 0x00000202 
0x00000014 0x00000006 0x00000303 0x00000302 0x00000104 
0x00000018 0x00000302 0x00000004 0x00000007 0x00000110 
0x0000001C 0x00000A11 0x00000302 0x00000004 0x00000403 
0x00000020 0x00000302 0x00000104 0x00000302 0x00000005 
0x00000024 0x00000402 0x00000302 0x00000105 0x00000202 
0x00000028 0x00000101 0x00000203 0xFFFFE211 0x00000102 
0x0000002C 0xFFFFFF01 0x00000103 0xFFFFDA11 0x00000012 
0x00000030 0x00000001 0x00000003 0x00000004 0x00000005 
0x00000034 0x00000008 0x00000005 0x00000000 0x00000000 
0x00000038 0x00000000 0x00000000 0x00000000 0x00000000 
0x0000003C 0x00000000 0x00000000 0x00000000 0x00000000 
0x00000040 0x00000000 0x00000000 0x00000000 0x00000000 
0x00000044 0x00000000 0x00000000 0x00000000 0x00000000 
0x00000048 0x00000000 0x00000000 0x00000000 0x00000000 
0x0000004C 0x00000000 0x00000000 0x00000000 0x00000000 
0x00000050 0x00000000 0x00000000 0x00000000 0x00000000 
0x00000054 0x00000000 0x00000000 0x00000000 0x00000000 
0x00000058 0x00000000 0x00000000 0x00000000 0x00000000 
0x0000005C 0x00000000 0x00000000 0x00000000 0x00000000 
0x00000060 0x00000000 0x00000000 0x00000000 0x00000000 
0x00000064 0x00000000 0x00000000 0x00000000 0x00000000 
0x00000068 0x00000000 0x00000000 0x00000000 0x00000000 
0x0000006C 0x00000000 0x00000000 0x00000000 0x00000000 
0x00000070 0x00000000 0x00000000 0x00000000 0x00000000 
0x00000074 0x00000000 0x00000000 0x00000000 0x00000000 
0x00000078 0x00000000 0x00000000 0x00000000 0x00000000 
0x0000007C 0x00000000 0x00000000 0x00000000 0x00000000 
