Program loaded: 62 words

Execution Start
PC=0 A=0 B=0 SP=0 OPCODE=0 OPERAND=4096
PC=1 A=4096 B=0 SP=0 OPCODE=11 OPERAND=0
PC=2 A=0 B=0 SP=4096 OPCODE=10 OPERAND=-6
PC=3 A=0 B=0 SP=4090 OPCODE=0 OPERAND=61
PC=4 A=61 B=0 SP=4090 OPCODE=4 OPERAND=0
PC=5 A=5 B=0 SP=4090 OPCODE=3 OPERAND=0
PC=6 A=0 B=0 SP=4090 OPCODE=0 OPERAND=1
PC=7 A=1 B=0 SP=4090 OPCODE=3 OPERAND=1
PC=8 A=0 B=0 SP=4090 OPCODE=2 OPERAND=1
PC=9 A=1 B=0 SP=4090 OPCODE=2 OPERAND=0
PC=10 A=5 B=1 SP=4090 OPCODE=7 OPERAND=0
PC=11 A=-4 B=1 SP=4090 OPCODE=16 OPERAND=1
PC=13 A=-4 B=1 SP=4090 OPCODE=0 OPERAND=56
PC=14 A=56 B=-4 SP=4090 OPCODE=2 OPERAND=1
PC=15 A=1 B=56 SP=4090 OPCODE=6 OPERAND=0
PC=16 A=57 B=56 SP=4090 OPCODE=4 OPERAND=0
PC=17 A=3 B=56 SP=4090 OPCODE=3 OPERAND=3
PC=18 A=56 B=56 SP=4090 OPCODE=2 OPERAND=1
PC=19 A=1 B=56 SP=4090 OPCODE=1 OPERAND=-1
PC=20 A=0 B=56 SP=4090 OPCODE=3 OPERAND=2
PC=21 A=56 B=56 SP=4090 OPCODE=2 OPERAND=2
PC=22 A=0 B=56 SP=4090 OPCODE=16 OPERAND=21
PC=23 A=0 B=56 SP=4090 OPCODE=0 OPERAND=56
PC=24 A=56 B=0 SP=4090 OPCODE=2 OPERAND=2
PC=25 A=0 B=56 SP=4090 OPCODE=6 OPERAND=0
PC=26 A=56 B=56 SP=4090 OPCODE=4 OPERAND=0
PC=27 A=5 B=56 SP=4090 OPCODE=3 OPERAND=5
PC=28 A=56 B=56 SP=4090 OPCODE=2 OPERAND=3
PC=29 A=3 B=56 SP=4090 OPCODE=2 OPERAND=5
PC=30 A=5 B=3 SP=4090 OPCODE=7 OPERAND=0
PC=31 A=-2 B=3 SP=4090 OPCODE=16 OPERAND=1
PC=33 A=-2 B=3 SP=4090 OPCODE=0 OPERAND=56
PC=34 A=56 B=-2 SP=4090 OPCODE=2 OPERAND=2
PC=35 A=0 B=56 SP=4090 OPCODE=6 OPERAND=0
PC=36 A=56 B=56 SP=4090 OPCODE=3 OPERAND=4
PC=37 A=56 B=56 SP=4090 OPCODE=2 OPERAND=5
PC=38 A=5 B=56 SP=4090 OPCODE=2 OPERAND=4
PC=39 A=56 B=5 SP=4090 OPCODE=5 OPERAND=1
PC=40 A=56 B=5 SP=4090 OPCODE=2 OPERAND=2
PC=41 A=0 B=56 SP=4090 OPCODE=1 OPERAND=-1
PC=42 A=-1 B=56 SP=4090 OPCODE=3 OPERAND=2
PC=43 A=56 B=56 SP=4090 OPCODE=17 OPERAND=-23
PC=21 A=56 B=56 SP=4090 OPCODE=2 OPERAND=2
PC=22 A=-1 B=56 SP=4090 OPCODE=16 OPERAND=21
PC=44 A=-1 B=56 SP=4090 OPCODE=0 OPERAND=56
PC=45 A=56 B=-1 SP=4090 OPCODE=2 OPERAND=2
PC=46 A=-1 B=56 SP=4090 OPCODE=6 OPERAND=0
PC=47 A=55 B=56 SP=4090 OPCODE=3 OPERAND=4
PC=48 A=56 B=56 SP=4090 OPCODE=2 OPERAND=3
PC=49 A=3 B=56 SP=4090 OPCODE=2 OPERAND=4
PC=50 A=55 B=3 SP=4090 OPCODE=5 OPERAND=1
PC=51 A=55 B=3 SP=4090 OPCODE=2 OPERAND=1
PC=52 A=1 B=55 SP=4090 OPCODE=1 OPERAND=1
PC=53 A=2 B=55 SP=4090 OPCODE=3 OPERAND=1
PC=54 A=55 B=55 SP=4090 OPCODE=17 OPERAND=-47
PC=8 A=55 B=55 SP=4090 OPCODE=2 OPERAND=1
PC=9 A=2 B=55 SP=4090 OPCODE=2 OPERAND=0
PC=10 A=5 B=2 SP=4090 OPCODE=7 OPERAND=0
PC=11 A=-3 B=2 SP=4090 OPCODE=16 OPERAND=1
PC=13 A=-3 B=2 SP=4090 OPCODE=0 OPERAND=56
PC=14 A=56 B=-3 SP=4090 OPCODE=2 OPERAND=1
PC=15 A=2 B=56 SP=4090 OPCODE=6 OPERAND=0
PC=16 A=58 B=56 SP=4090 OPCODE=4 OPERAND=0
PC=17 A=8 B=56 SP=4090 OPCODE=3 OPERAND=3
PC=18 A=56 B=56 SP=4090 OPCODE=2 OPERAND=1
PC=19 A=2 B=56 SP=4090 OPCODE=1 OPERAND=-1
PC=20 A=1 B=56 SP=4090 OPCODE=3 OPERAND=2
PC=21 A=56 B=56 SP=4090 OPCODE=2 OPERAND=2
PC=22 A=1 B=56 SP=4090 OPCODE=16 OPERAND=21
PC=23 A=1 B=56 SP=4090 OPCODE=0 OPERAND=56
PC=24 A=56 B=1 SP=4090 OPCODE=2 OPERAND=2
PC=25 A=1 B=56 SP=4090 OPCODE=6 OPERAND=0
PC=26 A=57 B=56 SP=4090 OPCODE=4 OPERAND=0
PC=27 A=5 B=56 SP=4090 OPCODE=3 OPERAND=5
PC=28 A=56 B=56 SP=4090 OPCODE=2 OPERAND=3
PC=29 A=8 B=56 SP=4090 OPCODE=2 OPERAND=5
PC=30 A=5 B=8 SP=4090 OPCODE=7 OPERAND=0
PC=31 A=3 B=8 SP=4090 OPCODE=16 OPERAND=1
PC=32 A=3 B=8 SP=4090 OPCODE=17 OPERAND=11
PC=44 A=3 B=8 SP=4090 OPCODE=0 OPERAND=56
PC=45 A=56 B=3 SP=4090 OPCODE=2 OPERAND=2
PC=46 A=1 B=56 SP=4090 OPCODE=6 OPERAND=0
PC=47 A=57 B=56 SP=4090 OPCODE=3 OPERAND=4
PC=48 A=56 B=56 SP=4090 OPCODE=2 OPERAND=3
PC=49 A=8 B=56 SP=4090 OPCODE=2 OPERAND=4
PC=50 A=57 B=8 SP=4090 OPCODE=5 OPERAND=1
PC=51 A=57 B=8 SP=4090 OPCODE=2 OPERAND=1
PC=52 A=2 B=57 SP=4090 OPCODE=1 OPERAND=1
PC=53 A=3 B=57 SP=4090 OPCODE=3 OPERAND=1
PC=54 A=57 B=57 SP=4090 OPCODE=17 OPERAND=-47
PC=8 A=57 B=57 SP=4090 OPCODE=2 OPERAND=1
PC=9 A=3 B=57 SP=4090 OPCODE=2 OPERAND=0
PC=10 A=5 B=3 SP=4090 OPCODE=7 OPERAND=0
PC=11 A=-2 B=3 SP=4090 OPCODE=16 OPERAND=1
PC=13 A=-2 B=3 SP=4090 OPCODE=0 OPERAND=56
PC=14 A=56 B=-2 SP=4090 OPCODE=2 OPERAND=1
PC=15 A=3 B=56 SP=4090 OPCODE=6 OPERAND=0
PC=16 A=59 B=56 SP=4090 OPCODE=4 OPERAND=0
PC=17 A=1 B=56 SP=4090 OPCODE=3 OPERAND=3
PC=18 A=56 B=56 SP=4090 OPCODE=2 OPERAND=1
PC=19 A=3 B=56 SP=4090 OPCODE=1 OPERAND=-1
PC=20 A=2 B=56 SP=4090 OPCODE=3 OPERAND=2
PC=21 A=56 B=56 SP=4090 OPCODE=2 OPERAND=2
PC=22 A=2 B=56 SP=4090 OPCODE=16 OPERAND=21
PC=23 A=2 B=56 SP=4090 OPCODE=0 OPERAND=56
PC=24 A=56 B=2 SP=4090 OPCODE=2 OPERAND=2
PC=25 A=2 B=56 SP=4090 OPCODE=6 OPERAND=0
PC=26 A=58 B=56 SP=4090 OPCODE=4 OPERAND=0
PC=27 A=8 B=56 SP=4090 OPCODE=3 OPERAND=5
PC=28 A=56 B=56 SP=4090 OPCODE=2 OPERAND=3
PC=29 A=1 B=56 SP=4090 OPCODE=2 OPERAND=5
PC=30 A=8 B=1 SP=4090 OPCODE=7 OPERAND=0
PC=31 A=-7 B=1 SP=4090 OPCODE=16 OPERAND=1
PC=33 A=-7 B=1 SP=4090 OPCODE=0 OPERAND=56
PC=34 A=56 B=-7 SP=4090 OPCODE=2 OPERAND=2
PC=35 A=2 B=56 SP=4090 OPCODE=6 OPERAND=0
PC=36 A=58 B=56 SP=4090 OPCODE=3 OPERAND=4
PC=37 A=56 B=56 SP=4090 OPCODE=2 OPERAND=5
PC=38 A=8 B=56 SP=4090 OPCODE=2 OPERAND=4
PC=39 A=58 B=8 SP=4090 OPCODE=5 OPERAND=1
PC=40 A=58 B=8 SP=4090 OPCODE=2 OPERAND=2
PC=41 A=2 B=58 SP=4090 OPCODE=1 OPERAND=-1
PC=42 A=1 B=58 SP=4090 OPCODE=3 OPERAND=2
PC=43 A=58 B=58 SP=4090 OPCODE=17 OPERAND=-23
PC=21 A=58 B=58 SP=4090 OPCODE=2 OPERAND=2
PC=22 A=1 B=58 SP=4090 OPCODE=16 OPERAND=21
PC=23 A=1 B=58 SP=4090 OPCODE=0 OPERAND=56
PC=24 A=56 B=1 SP=4090 OPCODE=2 OPERAND=2
PC=25 A=1 B=56 SP=4090 OPCODE=6 OPERAND=0
PC=26 A=57 B=56 SP=4090 OPCODE=4 OPERAND=0
PC=27 A=5 B=56 SP=4090 OPCODE=3 OPERAND=5
PC=28 A=56 B=56 SP=4090 OPCODE=2 OPERAND=3
PC=29 A=1 B=56 SP=4090 OPCODE=2 OPERAND=5
PC=30 A=5 B=1 SP=4090 OPCODE=7 OPERAND=0
PC=31 A=-4 B=1 SP=4090 OPCODE=16 OPERAND=1
PC=33 A=-4 B=1 SP=4090 OPCODE=0 OPERAND=56
PC=34 A=56 B=-4 SP=4090 OPCODE=2 OPERAND=2
PC=35 A=1 B=56 SP=4090 OPCODE=6 OPERAND=0
PC=36 A=57 B=56 SP=4090 OPCODE=3 OPERAND=4
PC=37 A=56 B=56 SP=4090 OPCODE=2 OPERAND=5
PC=38 A=5 B=56 SP=4090 OPCODE=2 OPERAND=4
PC=39 A=57 B=5 SP=4090 OPCODE=5 OPERAND=1
PC=40 A=57 B=5 SP=4090 OPCODE=2 OPERAND=2
PC=41 A=1 B=57 SP=4090 OPCODE=1 OPERAND=-1
PC=42 A=0 B=57 SP=4090 OPCODE=3 OPERAND=2
PC=43 A=57 B=57 SP=4090 OPCODE=17 OPERAND=-23
PC=21 A=57 B=57 SP=4090 OPCODE=2 OPERAND=2
PC=22 A=0 B=57 SP=4090 OPCODE=16 OPERAND=21
PC=23 A=0 B=57 SP=4090 OPCODE=0 OPERAND=56
PC=24 A=56 B=0 SP=4090 OPCODE=2 OPERAND=2
PC=25 A=0 B=56 SP=4090 OPCODE=6 OPERAND=0
PC=26 A=56 B=56 SP=4090 OPCODE=4 OPERAND=0
PC=27 A=3 B=56 SP=4090 OPCODE=3 OPERAND=5
PC=28 A=56 B=56 SP=4090 OPCODE=2 OPERAND=3
PC=29 A=1 B=56 SP=4090 OPCODE=2 OPERAND=5
PC=30 A=3 B=1 SP=4090 OPCODE=7 OPERAND=0
PC=31 A=-2 B=1 SP=4090 OPCODE=16 OPERAND=1
PC=33 A=-2 B=1 SP=4090 OPCODE=0 OPERAND=56
PC=34 A=56 B=-2 SP=4090 OPCODE=2 OPERAND=2
PC=35 A=0 B=56 SP=4090 OPCODE=6 OPERAND=0
PC=36 A=56 B=56 SP=4090 OPCODE=3 OPERAND=4
PC=37 A=56 B=56 SP=4090 OPCODE=2 OPERAND=5
PC=38 A=3 B=56 SP=4090 OPCODE=2 OPERAND=4
PC=39 A=56 B=3 SP=4090 OPCODE=5 OPERAND=1
PC=40 A=56 B=3 SP=4090 OPCODE=2 OPERAND=2
PC=41 A=0 B=56 SP=4090 OPCODE=1 OPERAND=-1
PC=42 A=-1 B=56 SP=4090 OPCODE=3 OPERAND=2
PC=43 A=56 B=56 SP=4090 OPCODE=17 OPERAND=-23
PC=21 A=56 B=56 SP=4090 OPCODE=2 OPERAND=2
PC=22 A=-1 B=56 SP=4090 OPCODE=16 OPERAND=21
PC=44 A=-1 B=56 SP=4090 OPCODE=0 OPERAND=56
PC=45 A=56 B=-1 SP=4090 OPCODE=2 OPERAND=2
PC=46 A=-1 B=56 SP=4090 OPCODE=6 OPERAND=0
PC=47 A=55 B=56 SP=4090 OPCODE=3 OPERAND=4
PC=48 A=56 B=56 SP=4090 OPCODE=2 OPERAND=3
PC=49 A=1 B=56 SP=4090 OPCODE=2 OPERAND=4
PC=50 A=55 B=1 SP=4090 OPCODE=5 OPERAND=1
PC=51 A=55 B=1 SP=4090 OPCODE=2 OPERAND=1
PC=52 A=3 B=55 SP=4090 OPCODE=1 OPERAND=1
PC=53 A=4 B=55 SP=4090 OPCODE=3 OPERAND=1
PC=54 A=55 B=55 SP=4090 OPCODE=17 OPERAND=-47
PC=8 A=55 B=55 SP=4090 OPCODE=2 OPERAND=1
PC=9 A=4 B=55 SP=4090 OPCODE=2 OPERAND=0
PC=10 A=5 B=4 SP=4090 OPCODE=7 OPERAND=0
PC=11 A=-1 B=4 SP=4090 OPCODE=16 OPERAND=1
PC=13 A=-1 B=4 SP=4090 OPCODE=0 OPERAND=56
PC=14 A=56 B=-1 SP=4090 OPCODE=2 OPERAND=1
PC=15 A=4 B=56 SP=4090 OPCODE=6 OPERAND=0
PC=16 A=60 B=56 SP=4090 OPCODE=4 OPERAND=0
PC=17 A=4 B=56 SP=4090 OPCODE=3 OPERAND=3
PC=18 A=56 B=56 SP=4090 OPCODE=2 OPERAND=1
PC=19 A=4 B=56 SP=4090 OPCODE=1 OPERAND=-1
PC=20 A=3 B=56 SP=4090 OPCODE=3 OPERAND=2
PC=21 A=56 B=56 SP=4090 OPCODE=2 OPERAND=2
PC=22 A=3 B=56 SP=4090 OPCODE=16 OPERAND=21
PC=23 A=3 B=56 SP=4090 OPCODE=0 OPERAND=56
PC=24 A=56 B=3 SP=4090 OPCODE=2 OPERAND=2
PC=25 A=3 B=56 SP=4090 OPCODE=6 OPERAND=0
PC=26 A=59 B=56 SP=4090 OPCODE=4 OPERAND=0
PC=27 A=8 B=56 SP=4090 OPCODE=3 OPERAND=5
PC=28 A=56 B=56 SP=4090 OPCODE=2 OPERAND=3
PC=29 A=4 B=56 SP=4090 OPCODE=2 OPERAND=5
PC=30 A=8 B=4 SP=4090 OPCODE=7 OPERAND=0
PC=31 A=-4 B=4 SP=4090 OPCODE=16 OPERAND=1
PC=33 A=-4 B=4 SP=4090 OPCODE=0 OPERAND=56
PC=34 A=56 B=-4 SP=4090 OPCODE=2 OPERAND=2
PC=35 A=3 B=56 SP=4090 OPCODE=6 OPERAND=0
PC=36 A=59 B=56 SP=4090 OPCODE=3 OPERAND=4
PC=37 A=56 B=56 SP=4090 OPCODE=2 OPERAND=5
PC=38 A=8 B=56 SP=4090 OPCODE=2 OPERAND=4
PC=39 A=59 B=8 SP=4090 OPCODE=5 OPERAND=1
PC=40 A=59 B=8 SP=4090 OPCODE=2 OPERAND=2
PC=41 A=3 B=59 SP=4090 OPCODE=1 OPERAND=-1
PC=42 A=2 B=59 SP=4090 OPCODE=3 OPERAND=2
PC=43 A=59 B=59 SP=4090 OPCODE=17 OPERAND=-23
PC=21 A=59 B=59 SP=4090 OPCODE=2 OPERAND=2
PC=22 A=2 B=59 SP=4090 OPCODE=16 OPERAND=21
PC=23 A=2 B=59 SP=4090 OPCODE=0 OPERAND=56
PC=24 A=56 B=2 SP=4090 OPCODE=2 OPERAND=2
PC=25 A=2 B=56 SP=4090 OPCODE=6 OPERAND=0
PC=26 A=58 B=56 SP=4090 OPCODE=4 OPERAND=0
PC=27 A=5 B=56 SP=4090 OPCODE=3 OPERAND=5
PC=28 A=56 B=56 SP=4090 OPCODE=2 OPERAND=3
PC=29 A=4 B=56 SP=4090 OPCODE=2 OPERAND=5
PC=30 A=5 B=4 SP=4090 OPCODE=7 OPERAND=0
PC=31 A=-1 B=4 SP=4090 OPCODE=16 OPERAND=1
PC=33 A=-1 B=4 SP=4090 OPCODE=0 OPERAND=56
PC=34 A=56 B=-1 SP=4090 OPCODE=2 OPERAND=2
PC=35 A=2 B=56 SP=4090 OPCODE=6 OPERAND=0
PC=36 A=58 B=56 SP=4090 OPCODE=3 OPERAND=4
PC=37 A=56 B=56 SP=4090 OPCODE=2 OPERAND=5
PC=38 A=5 B=56 SP=4090 OPCODE=2 OPERAND=4
PC=39 A=58 B=5 SP=4090 OPCODE=5 OPERAND=1
PC=40 A=58 B=5 SP=4090 OPCODE=2 OPERAND=2
PC=41 A=2 B=58 SP=4090 OPCODE=1 OPERAND=-1
PC=42 A=1 B=58 SP=4090 OPCODE=3 OPERAND=2
PC=43 A=58 B=58 SP=4090 OPCODE=17 OPERAND=-23
PC=21 A=58 B=58 SP=4090 OPCODE=2 OPERAND=2
PC=22 A=1 B=58 SP=4090 OPCODE=16 OPERAND=21
PC=23 A=1 B=58 SP=4090 OPCODE=0 OPERAND=56
PC=24 A=56 B=1 SP=4090 OPCODE=2 OPERAND=2
PC=25 A=1 B=56 SP=4090 OPCODE=6 OPERAND=0
PC=26 A=57 B=56 SP=4090 OPCODE=4 OPERAND=0
PC=27 A=3 B=56 SP=4090 OPCODE=3 OPERAND=5
PC=28 A=56 B=56 SP=4090 OPCODE=2 OPERAND=3
PC=29 A=4 B=56 SP=4090 OPCODE=2 OPERAND=5
PC=30 A=3 B=4 SP=4090 OPCODE=7 OPERAND=0
PC=31 A=1 B=4 SP=4090 OPCODE=16 OPERAND=1
PC=32 A=1 B=4 SP=4090 OPCODE=17 OPERAND=11
PC=44 A=1 B=4 SP=4090 OPCODE=0 OPERAND=56
PC=45 A=56 B=1 SP=4090 OPCODE=2 OPERAND=2
PC=46 A=1 B=56 SP=4090 OPCODE=6 OPERAND=0
PC=47 A=57 B=56 SP=4090 OPCODE=3 OPERAND=4
PC=48 A=56 B=56 SP=4090 OPCODE=2 OPERAND=3
PC=49 A=4 B=56 SP=4090 OPCODE=2 OPERAND=4
PC=50 A=57 B=4 SP=4090 OPCODE=5 OPERAND=1
PC=51 A=57 B=4 SP=4090 OPCODE=2 OPERAND=1
PC=52 A=4 B=57 SP=4090 OPCODE=1 OPERAND=1
PC=53 A=5 B=57 SP=4090 OPCODE=3 OPERAND=1
PC=54 A=57 B=57 SP=4090 OPCODE=17 OPERAND=-47
PC=8 A=57 B=57 SP=4090 OPCODE=2 OPERAND=1
PC=9 A=5 B=57 SP=4090 OPCODE=2 OPERAND=0
PC=10 A=5 B=5 SP=4090 OPCODE=7 OPERAND=0
PC=11 A=0 B=5 SP=4090 OPCODE=16 OPERAND=1
PC=12 A=0 B=5 SP=4090 OPCODE=17 OPERAND=42
PC=55 A=0 B=5 SP=4090 OPCODE=18 OPERAND=0
HALT instruction encountered

Execution Finished

Final Registers
A=0 B=5 PC=56 SP=4090

Memory Dump
0x00000000 0x00100000 0x0000000B 0xFFFFFA0A 0x00003D00 
0x00000004 0x00000004 0x00000003 0x00000100 0x00000103 
0x00000008 0x00000102 0x00000002 0x00000007 0x00000110 
0x0000000C 0x00002A11 0x00003800 0x00000102 0x00000006 
0x00000010 0x00000004 0x00000303 0x00000102 0xFFFFFF01 
0x00000014 0x00000203 0x00000202 0x00001510 0x00003800 
0x00000018 0x00000202 0x00000006 0x00000004 0x00000503 
0x0000001C 0x00000302 0x00000502 0x00000007 0x00000110 
0x00000020 0x00000B11 0x00003800 0x00000202 0x00000006 
0x00000024 0x00000403 0x00000502 0x00000402 0x00000105 
0x00000028 0x00000202 0xFFFFFF01 0x00000203 0xFFFFE911 
0x0000002C 0x00003800 0x00000202 0x00000006 0x00000403 
0x00000030 0x00000302 0x00000402 0x00000105 0x00000102 
0x00000034 0x00000101 0x00000103 0xFFFFD111 0x00000012 
0x00000038 0x00000001 0x00000003 0x00000004 0x00000005 
0x0000003C 0x00000008 0x00000005 0x00000000 0x00000000 
0x00000040 0x00000000 0x00000000 0x00000000 0x00000000 
0x00000044 0x00000000 0x00000000 0x00000000 0x00000000 
0x00000048 0x00000000 0x00000000 0x00000000 0x00000000 
0x0000004C 0x00000000 0x00000000 0x00000000 0x00000000 
0x00000050 0x00000000 0x00000000 0x00000000 0x00000000 
0x00000054 0x00000000 0x00000000 0x00000000 0x00000000 
0x00000058 0x00000000 0x00000000 0x00000000 0x00000000 
0x0000005C 0x00000000 0x00000000 0x00000000 0x00000000 
0x00000060 0x00000000 0x00000000 0x00000000 0x00000000 
0x00000064 0x00000000 0x00000000 0x00000000 0x00000000 
0x00000068 0x00000000 0x00000000 0x00000000 0x00000000 
0x0000006C 0x00000000 0x00000000 0x00000000 0x00000000 
0x00000070 0x00000000 0x00000000 0x00000000 0x00000000 
0x00000074 0x00000000 0x00000000 0x00000000 0x00000000 
0x00000078 0x00000000 0x00000000 0x00000000 0x00000000 
0x0000007C 0x00000000 0x00000000 0x00000000 0x00000000 
