00000000 00100000 ldc 0x1000
00000001 0000000B a2sp
00000002 FFFFFA0A adj -6
00000003 00003D00 ldc n
00000004 00000004 ldnl 0
00000005 00000003 stl 0
00000006 00000100 ldc 1
00000007 00000103 stl 1
00000008 outer:
00000008 00000102 ldl 1
00000009 00000002 ldl 0
0000000A 00000007 sub
0000000B 00000110 brlz body
0000000C 00002A11 br done
0000000D body:
0000000D 00003800 ldc array
0000000E 00000102 ldl 1
0000000F 00000006 add
00000010 00000004 ldnl 0
00000011 00000303 stl 3
00000012 00000102 ldl 1
00000013 FFFFFF01 adc -1
00000014 00000203 stl 2
00000015 inner:
00000015 00000202 ldl 2
00000016 00001510 brlz place
00000017 00003800 ldc array
00000018 00000202 ldl 2
00000019 00000006 add
0000001A 00000004 ldnl 0
0000001B 00000503 stl 5
0000001C 00000302 ldl 3
0000001D 00000502 ldl 5
0000001E 00000007 sub
0000001F 00000110 brlz shift
00000020 00000B11 br place
00000021 shift:
00000021 00003800 ldc array
00000022 00000202 ldl 2
00000023 00000006 add
00000024 00000403 stl 4
00000025 00000502 ldl 5
00000026 00000402 ldl 4
00000027 00000105 stnl 1
00000028 00000202 ldl 2
00000029 FFFFFF01 adc -1
0000002A 00000203 stl 2
0000002B FFFFE911 br inner
0000002C place:
0000002C 00003800 ldc array
0000002D 00000202 ldl 2
0000002E 00000006 add
0000002F 00000403 stl 4
00000030 00000302 ldl 3
00000031 00000402 ldl 4
00000032 00000105 stnl 1
00000033 00000102 ldl 1
00000034 00000101 adc 1
00000035 00000103 stl 1
00000036 FFFFD111 br outer
00000037 done:
00000037 00000012 HALT
00000038 array:
00000038 00000005 data 5
00000039 00000003 data 3
0000003A 00000008 data 8
0000003B 00000001 data 1
0000003C 00000004 data 4
0000003D n:
0000003D 00000005 data 5
