Program loaded: 43 words

Execution Start
PC=0 A=0 B=0 SP=0 OPCODE=0 OPERAND=4096
PC=1 A=4096 B=0 SP=0 OPCODE=11 OPERAND=0
PC=2 A=0 B=0 SP=4096 OPCODE=10 OPERAND=-4
PC=3 A=0 B=0 SP=4092 OPCODE=0 OPERAND=41
PC=4 A=41 B=0 SP=4092 OPCODE=4 OPERAND=0
PC=5 A=5 B=0 SP=4092 OPCODE=3 OPERAND=0
PC=6 A=0 B=0 SP=4092 OPCODE=0 OPERAND=36
PC=7 A=36 B=0 SP=4092 OPCODE=4 OPERAND=0
PC=8 A=5 B=0 SP=4092 OPCODE=3 OPERAND=2
PC=9 A=0 B=0 SP=4092 OPCODE=0 OPERAND=1
PC=10 A=1 B=0 SP=4092 OPCODE=3 OPERAND=1
PC=11 A=0 B=0 SP=4092 OPCODE=2 OPERAND=1
PC=12 A=1 B=0 SP=4092 OPCODE=2 OPERAND=0
PC=13 A=5 B=1 SP=4092 OPCODE=7 OPERAND=0
PC=14 A=-4 B=1 SP=4092 OPCODE=16 OPERAND=1
PC=16 A=-4 B=1 SP=4092 OPCODE=0 OPERAND=36
PC=17 A=36 B=-4 SP=4092 OPCODE=2 OPERAND=1
PC=18 A=1 B=36 SP=4092 OPCODE=6 OPERAND=0
PC=19 A=37 B=36 SP=4092 OPCODE=3 OPERAND=3
PC=20 A=36 B=36 SP=4092 OPCODE=2 OPERAND=3
PC=21 A=37 B=36 SP=4092 OPCODE=4 OPERAND=0
PC=22 A=3 B=36 SP=4092 OPCODE=2 OPERAND=2
PC=23 A=5 B=3 SP=4092 OPCODE=7 OPERAND=0
PC=24 A=-2 B=3 SP=4092 OPCODE=16 OPERAND=3
PC=28 A=-2 B=3 SP=4092 OPCODE=2 OPERAND=1
PC=29 A=1 B=-2 SP=4092 OPCODE=1 OPERAND=1
PC=30 A=2 B=-2 SP=4092 OPCODE=3 OPERAND=1
PC=31 A=-2 B=-2 SP=4092 OPCODE=17 OPERAND=-21
PC=11 A=-2 B=-2 SP=4092 OPCODE=2 OPERAND=1
PC=12 A=2 B=-2 SP=4092 OPCODE=2 OPERAND=0
PC=13 A=5 B=2 SP=4092 OPCODE=7 OPERAND=0
PC=14 A=-3 B=2 SP=4092 OPCODE=16 OPERAND=1
PC=16 A=-3 B=2 SP=4092 OPCODE=0 OPERAND=36
PC=17 A=36 B=-3 SP=4092 OPCODE=2 OPERAND=1
PC=18 A=2 B=36 SP=4092 OPCODE=6 OPERAND=0
PC=19 A=38 B=36 SP=4092 OPCODE=3 OPERAND=3
PC=20 A=36 B=36 SP=4092 OPCODE=2 OPERAND=3
PC=21 A=38 B=36 SP=4092 OPCODE=4 OPERAND=0
PC=22 A=8 B=36 SP=4092 OPCODE=2 OPERAND=2
PC=23 A=5 B=8 SP=4092 OPCODE=7 OPERAND=0
PC=24 A=3 B=8 SP=4092 OPCODE=16 OPERAND=3
PC=25 A=3 B=8 SP=4092 OPCODE=2 OPERAND=3
PC=26 A=38 B=3 SP=4092 OPCODE=4 OPERAND=0
PC=27 A=8 B=3 SP=4092 OPCODE=3 OPERAND=2
PC=28 A=3 B=3 SP=4092 OPCODE=2 OPERAND=1
PC=29 A=2 B=3 SP=4092 OPCODE=1 OPERAND=1
PC=30 A=3 B=3 SP=4092 OPCODE=3 OPERAND=1
PC=31 A=3 B=3 SP=4092 OPCODE=17 OPERAND=-21
PC=11 A=3 B=3 SP=4092 OPCODE=2 OPERAND=1
PC=12 A=3 B=3 SP=4092 OPCODE=2 OPERAND=0
PC=13 A=5 B=3 SP=4092 OPCODE=7 OPERAND=0
PC=14 A=-2 B=3 SP=4092 OPCODE=16 OPERAND=1
PC=16 A=-2 B=3 SP=4092 OPCODE=0 OPERAND=36
PC=17 A=36 B=-2 SP=4092 OPCODE=2 OPERAND=1
PC=18 A=3 B=36 SP=4092 OPCODE=6 OPERAND=0
PC=19 A=39 B=36 SP=4092 OPCODE=3 OPERAND=3
PC=20 A=36 B=36 SP=4092 OPCODE=2 OPERAND=3
PC=21 A=39 B=36 SP=4092 OPCODE=4 OPERAND=0
PC=22 A=1 B=36 SP=4092 OPCODE=2 OPERAND=2
PC=23 A=8 B=1 SP=4092 OPCODE=7 OPERAND=0
PC=24 A=-7 B=1 SP=4092 OPCODE=16 OPERAND=3
PC=28 A=-7 B=1 SP=4092 OPCODE=2 OPERAND=1
PC=29 A=3 B=-7 SP=4092 OPCODE=1 OPERAND=1
PC=30 A=4 B=-7 SP=4092 OPCODE=3 OPERAND=1
PC=31 A=-7 B=-7 SP=4092 OPCODE=17 OPERAND=-21
PC=11 A=-7 B=-7 SP=4092 OPCODE=2 OPERAND=1
PC=12 A=4 B=-7 SP=4092 OPCODE=2 OPERAND=0
PC=13 A=5 B=4 SP=4092 OPCODE=7 OPERAND=0
PC=14 A=-1 B=4 SP=4092 OPCODE=16 OPERAND=1
PC=16 A=-1 B=4 SP=4092 OPCODE=0 OPERAND=36
PC=17 A=36 B=-1 SP=4092 OPCODE=2 OPERAND=1
PC=18 A=4 B=36 SP=4092 OPCODE=6 OPERAND=0
PC=19 A=40 B=36 SP=4092 OPCODE=3 OPERAND=3
PC=20 A=36 B=36 SP=4092 OPCODE=2 OPERAND=3
PC=21 A=40 B=36 SP=4092 OPCODE=4 OPERAND=0
PC=22 A=4 B=36 SP=4092 OPCODE=2 OPERAND=2
PC=23 A=8 B=4 SP=4092 OPCODE=7 OPERAND=0
PC=24 A=-4 B=4 SP=4092 OPCODE=16 OPERAND=3
PC=28 A=-4 B=4 SP=4092 OPCODE=2 OPERAND=1
PC=29 A=4 B=-4 SP=4092 OPCODE=1 OPERAND=1
PC=30 A=5 B=-4 SP=4092 OPCODE=3 OPERAND=1
PC=31 A=-4 B=-4 SP=4092 OPCODE=17 OPERAND=-21
PC=11 A=-4 B=-4 SP=4092 OPCODE=2 OPERAND=1
PC=12 A=5 B=-4 SP=4092 OPCODE=2 OPERAND=0
PC=13 A=5 B=5 SP=4092 OPCODE=7 OPERAND=0
PC=14 A=0 B=5 SP=4092 OPCODE=16 OPERAND=1
PC=15 A=0 B=5 SP=4092 OPCODE=17 OPERAND=16
PC=32 A=0 B=5 SP=4092 OPCODE=2 OPERAND=2
PC=33 A=8 B=0 SP=4092 OPCODE=0 OPERAND=42
PC=34 A=42 B=8 SP=4092 OPCODE=5 OPERAND=0
PC=35 A=42 B=8 SP=4092 OPCODE=18 OPERAND=0
HALT instruction encountered

Execution Finished

Final Registers
A=42 B=8 PC=36 SP=4092

Memory Dump
0x00000000 0x00100000 0x0000000B 0xFFFFFC0A 0x00002900 
0x00000004 0x00000004 0x00000003 0x00002400 0x00000004 
0x00000008 0x00000203 0x00000100 0x00000103 0x00000102 
0x0000000C 0x00000002 0x00000007 0x00000110 0x00001011 
0x00000010 0x00002400 0x00000102 0x00000006 0x00000303 
0x00000014 0x00000302 0x00000004 0x00000202 0x00000007 
0x00000018 0x00000310 0x00000302 0x00000004 0x00000203 
0x0000001C 0x00000102 0x00000101 0x00000103 0xFFFFEB11 
0x00000020 0x00000202 0x00002A00 0x00000005 0x00000012 
0x00000024 0x00000005 0x00000003 0x00000008 0x00000001 
0x00000028 0x00000004 0x00000005 0x00000008 0x00000000 
0x0000002C 0x00000000 0x00000000 0x00000000 0x00000000 
0x00000030 0x00000000 0x00000000 0x00000000 0x00000000 
0x00000034 0x00000000 0x00000000 0x00000000 0x00000000 
0x00000038 0x00000000 0x00000000 0x00000000 0x00000000 
0x0000003C 0x00000000 0x00000000 0x00000000 0x00000000 
0x00000040 0x00000000 0x00000000 0x00000000 0x00000000 
0x00000044 0x00000000 0x00000000 0x00000000 0x00000000 
0x00000048 0x00000000 0x00000000 0x00000000 0x00000000 
0x0000004C 0x00000000 0x00000000 0x00000000 0x00000000 
0x00000050 0x00000000 0x00000000 0x00000000 0x00000000 
0x00000054 0x00000000 0x00000000 0x00000000 0x00000000 
0x00000058 0x00000000 0x00000000 0x00000000 0x00000000 
0x0000005C 0x00000000 0x00000000 0x00000000 0x00000000 
0x00000060 0x00000000 0x00000000 0x00000000 0x00000000 
0x00000064 0x00000000 0x00000000 0x00000000 0x00000000 
0x00000068 0x00000000 0x00000000 0x00000000 0x00000000 
0x0000006C 0x00000000 0x00000000 0x00000000 0x00000000 
0x00000070 0x00000000 0x00000000 0x00000000 0x00000000 
0x00000074 0x00000000 0x00000000 0x00000000 0x00000000 
0x00000078 0x00000000 0x00000000 0x00000000 0x00000000 
0x0000007C 0x00000000 0x00000000 0x00000000 0x00000000 
