00000000 00100000 ldc 0x1000
00000001 0000000B a2sp
00000002 FFFFFC0A adj -4
00000003 00002900 ldc n
00000004 00000004 ldnl 0
00000005 00000003 stl 0
00000006 00002400 ldc array
00000007 00000004 ldnl 0
00000008 00000203 stl 2
00000009 00000100 ldc 1
0000000A 00000103 stl 1
0000000B loop:
0000000B 00000102 ldl 1
0000000C 00000002 ldl 0
0000000D 00000007 sub
0000000E 00000110 brlz body
0000000F 00001011 br finish
00000010 body:
00000010 00002400 ldc array
00000011 00000102 ldl 1
00000012 00000006 add
00000013 00000303 stl 3
00000014 00000302 ldl 3
00000015 00000004 ldnl 0
00000016 00000202 ldl 2
00000017 00000007 sub
00000018 00000310 brlz skip
00000019 00000302 ldl 3
0000001A 00000004 ldnl 0
0000001B 00000203 stl 2
0000001C skip:
0000001C 00000102 ldl 1
0000001D 00000101 adc 1
0000001E 00000103 stl 1
0000001F FFFFEB11 br loop
00000020 finish:
00000020 00000202 ldl 2
00000021 00002A00 ldc maxval
00000022 00000005 stnl 0
00000023 00000012 HALT
00000024 array:
00000024 00000005 data 5
00000025 00000003 data 3
00000026 00000008 data 8
00000027 00000001 data 1
00000028 00000004 data 4
00000029 n:
00000029 00000005 data 5
0000002A maxval:
0000002A 00000000 data 0
