Program loaded: 72 words

Execution Start
PC=0 A=0 B=0 SP=0 OPCODE=0 OPERAND=4096
PC=1 A=4096 B=0 SP=0 OPCODE=11 OPERAND=0
PC=2 A=0 B=0 SP=4096 OPCODE=10 OPERAND=-6
PC=3 A=0 B=0 SP=4090 OPCODE=0 OPERAND=71
PC=4 A=71 B=0 SP=4090 OPCODE=4 OPERAND=0
PC=5 A=5 B=0 SP=4090 OPCODE=3 OPERAND=0
PC=6 A=0 B=0 SP=4090 OPCODE=0 OPERAND=0
PC=7 A=0 B=0 SP=4090 OPCODE=3 OPERAND=1
PC=8 A=0 B=0 SP=4090 OPCODE=2 OPERAND=0
PC=9 A=5 B=0 SP=4090 OPCODE=1 OPERAND=-1
PC=10 A=4 B=0 SP=4090 OPCODE=2 OPERAND=1
PC=11 A=0 B=4 SP=4090 OPCODE=7 OPERAND=0
PC=12 A=4 B=4 SP=4090 OPCODE=15 OPERAND=52
PC=13 A=4 B=4 SP=4090 OPCODE=2 OPERAND=1
PC=14 A=0 B=4 SP=4090 OPCODE=3 OPERAND=3
PC=15 A=4 B=4 SP=4090 OPCODE=2 OPERAND=1
PC=16 A=0 B=4 SP=4090 OPCODE=1 OPERAND=1
PC=17 A=1 B=4 SP=4090 OPCODE=3 OPERAND=2
PC=18 A=4 B=4 SP=4090 OPCODE=2 OPERAND=0
PC=19 A=5 B=4 SP=4090 OPCODE=2 OPERAND=2
PC=20 A=1 B=5 SP=4090 OPCODE=7 OPERAND=0
PC=21 A=4 B=5 SP=4090 OPCODE=15 OPERAND=21
PC=22 A=4 B=5 SP=4090 OPCODE=0 OPERAND=66
PC=23 A=66 B=4 SP=4090 OPCODE=2 OPERAND=2
PC=24 A=1 B=66 SP=4090 OPCODE=6 OPERAND=0
PC=25 A=67 B=66 SP=4090 OPCODE=4 OPERAND=0
PC=26 A=3 B=66 SP=4090 OPCODE=3 OPERAND=4
PC=27 A=66 B=66 SP=4090 OPCODE=0 OPERAND=66
PC=28 A=66 B=66 SP=4090 OPCODE=2 OPERAND=3
PC=29 A=0 B=66 SP=4090 OPCODE=6 OPERAND=0
PC=30 A=66 B=66 SP=4090 OPCODE=4 OPERAND=0
PC=31 A=5 B=66 SP=4090 OPCODE=3 OPERAND=5
PC=32 A=66 B=66 SP=4090 OPCODE=2 OPERAND=4
PC=33 A=3 B=66 SP=4090 OPCODE=2 OPERAND=5
PC=34 A=5 B=3 SP=4090 OPCODE=7 OPERAND=0
PC=35 A=-2 B=3 SP=4090 OPCODE=16 OPERAND=1
PC=37 A=-2 B=3 SP=4090 OPCODE=2 OPERAND=2
PC=38 A=1 B=-2 SP=4090 OPCODE=3 OPERAND=3
PC=39 A=-2 B=-2 SP=4090 OPCODE=2 OPERAND=2
PC=40 A=1 B=-2 SP=4090 OPCODE=1 OPERAND=1
PC=41 A=2 B=-2 SP=4090 OPCODE=3 OPERAND=2
PC=42 A=-2 B=-2 SP=4090 OPCODE=17 OPERAND=-25
PC=18 A=-2 B=-2 SP=4090 OPCODE=2 OPERAND=0
PC=19 A=5 B=-2 SP=4090 OPCODE=2 OPERAND=2
PC=20 A=2 B=5 SP=4090 OPCODE=7 OPERAND=0
PC=21 A=3 B=5 SP=4090 OPCODE=15 OPERAND=21
PC=22 A=3 B=5 SP=4090 OPCODE=0 OPERAND=66
PC=23 A=66 B=3 SP=4090 OPCODE=2 OPERAND=2
PC=24 A=2 B=66 SP=4090 OPCODE=6 OPERAND=0
PC=25 A=68 B=66 SP=4090 OPCODE=4 OPERAND=0
PC=26 A=8 B=66 SP=4090 OPCODE=3 OPERAND=4
PC=27 A=66 B=66 SP=4090 OPCODE=0 OPERAND=66
PC=28 A=66 B=66 SP=4090 OPCODE=2 OPERAND=3
PC=29 A=1 B=66 SP=4090 OPCODE=6 OPERAND=0
PC=30 A=67 B=66 SP=4090 OPCODE=4 OPERAND=0
PC=31 A=3 B=66 SP=4090 OPCODE=3 OPERAND=5
PC=32 A=66 B=66 SP=4090 OPCODE=2 OPERAND=4
PC=33 A=8 B=66 SP=4090 OPCODE=2 OPERAND=5
PC=34 A=3 B=8 SP=4090 OPCODE=7 OPERAND=0
PC=35 A=5 B=8 SP=4090 OPCODE=16 OPERAND=1
PC=36 A=5 B=8 SP=4090 OPCODE=17 OPERAND=2
PC=39 A=5 B=8 SP=4090 OPCODE=2 OPERAND=2
PC=40 A=2 B=5 SP=4090 OPCODE=1 OPERAND=1
PC=41 A=3 B=5 SP=4090 OPCODE=3 OPERAND=2
PC=42 A=5 B=5 SP=4090 OPCODE=17 OPERAND=-25
PC=18 A=5 B=5 SP=4090 OPCODE=2 OPERAND=0
PC=19 A=5 B=5 SP=4090 OPCODE=2 OPERAND=2
PC=20 A=3 B=5 SP=4090 OPCODE=7 OPERAND=0
PC=21 A=2 B=5 SP=4090 OPCODE=15 OPERAND=21
PC=22 A=2 B=5 SP=4090 OPCODE=0 OPERAND=66
PC=23 A=66 B=2 SP=4090 OPCODE=2 OPERAND=2
PC=24 A=3 B=66 SP=4090 OPCODE=6 OPERAND=0
PC=25 A=69 B=66 SP=4090 OPCODE=4 OPERAND=0
PC=26 A=1 B=66 SP=4090 OPCODE=3 OPERAND=4
PC=27 A=66 B=66 SP=4090 OPCODE=0 OPERAND=66
PC=28 A=66 B=66 SP=4090 OPCODE=2 OPERAND=3
PC=29 A=1 B=66 SP=4090 OPCODE=6 OPERAND=0
PC=30 A=67 B=66 SP=4090 OPCODE=4 OPERAND=0
PC=31 A=3 B=66 SP=4090 OPCODE=3 OPERAND=5
PC=32 A=66 B=66 SP=4090 OPCODE=2 OPERAND=4
PC=33 A=1 B=66 SP=4090 OPCODE=2 OPERAND=5
PC=34 A=3 B=1 SP=4090 OPCODE=7 OPERAND=0
PC=35 A=-2 B=1 SP=4090 OPCODE=16 OPERAND=1
PC=37 A=-2 B=1 SP=4090 OPCODE=2 OPERAND=2
PC=38 A=3 B=-2 SP=4090 OPCODE=3 OPERAND=3
PC=39 A=-2 B=-2 SP=4090 OPCODE=2 OPERAND=2
PC=40 A=3 B=-2 SP=4090 OPCODE=1 OPERAND=1
PC=41 A=4 B=-2 SP=4090 OPCODE=3 OPERAND=2
PC=42 A=-2 B=-2 SP=4090 OPCODE=17 OPERAND=-25
PC=18 A=-2 B=-2 SP=4090 OPCODE=2 OPERAND=0
PC=19 A=5 B=-2 SP=4090 OPCODE=2 OPERAND=2
PC=20 A=4 B=5 SP=4090 OPCODE=7 OPERAND=0
PC=21 A=1 B=5 SP=4090 OPCODE=15 OPERAND=21
PC=22 A=1 B=5 SP=4090 OPCODE=0 OPERAND=66
PC=23 A=66 B=1 SP=4090 OPCODE=2 OPERAND=2
PC=24 A=4 B=66 SP=4090 OPCODE=6 OPERAND=0
PC=25 A=70 B=66 SP=4090 OPCODE=4 OPERAND=0
PC=26 A=4 B=66 SP=4090 OPCODE=3 OPERAND=4
PC=27 A=66 B=66 SP=4090 OPCODE=0 OPERAND=66
PC=28 A=66 B=66 SP=4090 OPCODE=2 OPERAND=3
PC=29 A=3 B=66 SP=4090 OPCODE=6 OPERAND=0
PC=30 A=69 B=66 SP=4090 OPCODE=4 OPERAND=0
PC=31 A=1 B=66 SP=4090 OPCODE=3 OPERAND=5
PC=32 A=66 B=66 SP=4090 OPCODE=2 OPERAND=4
PC=33 A=4 B=66 SP=4090 OPCODE=2 OPERAND=5
PC=34 A=1 B=4 SP=4090 OPCODE=7 OPERAND=0
PC=35 A=3 B=4 SP=4090 OPCODE=16 OPERAND=1
PC=36 A=3 B=4 SP=4090 OPCODE=17 OPERAND=2
PC=39 A=3 B=4 SP=4090 OPCODE=2 OPERAND=2
PC=40 A=4 B=3 SP=4090 OPCODE=1 OPERAND=1
PC=41 A=5 B=3 SP=4090 OPCODE=3 OPERAND=2
PC=42 A=3 B=3 SP=4090 OPCODE=17 OPERAND=-25
PC=18 A=3 B=3 SP=4090 OPCODE=2 OPERAND=0
PC=19 A=5 B=3 SP=4090 OPCODE=2 OPERAND=2
PC=20 A=5 B=5 SP=4090 OPCODE=7 OPERAND=0
PC=21 A=0 B=5 SP=4090 OPCODE=15 OPERAND=21
PC=43 A=0 B=5 SP=4090 OPCODE=0 OPERAND=66
PC=44 A=66 B=0 SP=4090 OPCODE=2 OPERAND=1
PC=45 A=0 B=66 SP=4090 OPCODE=6 OPERAND=0
PC=46 A=66 B=66 SP=4090 OPCODE=3 OPERAND=4
PC=47 A=66 B=66 SP=4090 OPCODE=0 OPERAND=66
PC=48 A=66 B=66 SP=4090 OPCODE=2 OPERAND=3
PC=49 A=3 B=66 SP=4090 OPCODE=6 OPERAND=0
PC=50 A=69 B=66 SP=4090 OPCODE=3 OPERAND=5
PC=51 A=66 B=66 SP=4090 OPCODE=2 OPERAND=4
PC=52 A=66 B=66 SP=4090 OPCODE=4 OPERAND=0
PC=53 A=5 B=66 SP=4090 OPCODE=3 OPERAND=2
PC=54 A=66 B=66 SP=4090 OPCODE=2 OPERAND=5
PC=55 A=69 B=66 SP=4090 OPCODE=4 OPERAND=0
PC=56 A=1 B=66 SP=4090 OPCODE=2 OPERAND=4
PC=57 A=66 B=1 SP=4090 OPCODE=5 OPERAND=0
PC=58 A=66 B=1 SP=4090 OPCODE=2 OPERAND=2
PC=59 A=5 B=66 SP=4090 OPCODE=2 OPERAND=5
PC=60 A=69 B=5 SP=4090 OPCODE=5 OPERAND=0
PC=61 A=69 B=5 SP=4090 OPCODE=2 OPERAND=1
PC=62 A=0 B=69 SP=4090 OPCODE=1 OPERAND=1
PC=63 A=1 B=69 SP=4090 OPCODE=3 OPERAND=1
PC=64 A=69 B=69 SP=4090 OPCODE=17 OPERAND=-57
PC=8 A=69 B=69 SP=4090 OPCODE=2 OPERAND=0
PC=9 A=5 B=69 SP=4090 OPCODE=1 OPERAND=-1
PC=10 A=4 B=69 SP=4090 OPCODE=2 OPERAND=1
PC=11 A=1 B=4 SP=4090 OPCODE=7 OPERAND=0
PC=12 A=3 B=4 SP=4090 OPCODE=15 OPERAND=52
PC=13 A=3 B=4 SP=4090 OPCODE=2 OPERAND=1
PC=14 A=1 B=3 SP=4090 OPCODE=3 OPERAND=3
PC=15 A=3 B=3 SP=4090 OPCODE=2 OPERAND=1
PC=16 A=1 B=3 SP=4090 OPCODE=1 OPERAND=1
PC=17 A=2 B=3 SP=4090 OPCODE=3 OPERAND=2
PC=18 A=3 B=3 SP=4090 OPCODE=2 OPERAND=0
PC=19 A=5 B=3 SP=4090 OPCODE=2 OPERAND=2
PC=20 A=2 B=5 SP=4090 OPCODE=7 OPERAND=0
PC=21 A=3 B=5 SP=4090 OPCODE=15 OPERAND=21
PC=22 A=3 B=5 SP=4090 OPCODE=0 OPERAND=66
PC=23 A=66 B=3 SP=4090 OPCODE=2 OPERAND=2
PC=24 A=2 B=66 SP=4090 OPCODE=6 OPERAND=0
PC=25 A=68 B=66 SP=4090 OPCODE=4 OPERAND=0
PC=26 A=8 B=66 SP=4090 OPCODE=3 OPERAND=4
PC=27 A=66 B=66 SP=4090 OPCODE=0 OPERAND=66
PC=28 A=66 B=66 SP=4090 OPCODE=2 OPERAND=3
PC=29 A=1 B=66 SP=4090 OPCODE=6 OPERAND=0
PC=30 A=67 B=66 SP=4090 OPCODE=4 OPERAND=0
PC=31 A=3 B=66 SP=4090 OPCODE=3 OPERAND=5
PC=32 A=66 B=66 SP=4090 OPCODE=2 OPERAND=4
PC=33 A=8 B=66 SP=4090 OPCODE=2 OPERAND=5
PC=34 A=3 B=8 SP=4090 OPCODE=7 OPERAND=0
PC=35 A=5 B=8 SP=4090 OPCODE=16 OPERAND=1
PC=36 A=5 B=8 SP=4090 OPCODE=17 OPERAND=2
PC=39 A=5 B=8 SP=4090 OPCODE=2 OPERAND=2
PC=40 A=2 B=5 SP=4090 OPCODE=1 OPERAND=1
PC=41 A=3 B=5 SP=4090 OPCODE=3 OPERAND=2
PC=42 A=5 B=5 SP=4090 OPCODE=17 OPERAND=-25
PC=18 A=5 B=5 SP=4090 OPCODE=2 OPERAND=0
PC=19 A=5 B=5 SP=4090 OPCODE=2 OPERAND=2
PC=20 A=3 B=5 SP=4090 OPCODE=7 OPERAND=0
PC=21 A=2 B=5 SP=4090 OPCODE=15 OPERAND=21
PC=22 A=2 B=5 SP=4090 OPCODE=0 OPERAND=66
PC=23 A=66 B=2 SP=4090 OPCODE=2 OPERAND=2
PC=24 A=3 B=66 SP=4090 OPCODE=6 OPERAND=0
PC=25 A=69 B=66 SP=4090 OPCODE=4 OPERAND=0
PC=26 A=5 B=66 SP=4090 OPCODE=3 OPERAND=4
PC=27 A=66 B=66 SP=4090 OPCODE=0 OPERAND=66
PC=28 A=66 B=66 SP=4090 OPCODE=2 OPERAND=3
PC=29 A=1 B=66 SP=4090 OPCODE=6 OPERAND=0
PC=30 A=67 B=66 SP=4090 OPCODE=4 OPERAND=0
PC=31 A=3 B=66 SP=4090 OPCODE=3 OPERAND=5
PC=32 A=66 B=66 SP=4090 OPCODE=2 OPERAND=4
PC=33 A=5 B=66 SP=4090 OPCODE=2 OPERAND=5
PC=34 A=3 B=5 SP=4090 OPCODE=7 OPERAND=0
PC=35 A=2 B=5 SP=4090 OPCODE=16 OPERAND=1
PC=36 A=2 B=5 SP=4090 OPCODE=17 OPERAND=2
PC=39 A=2 B=5 SP=4090 OPCODE=2 OPERAND=2
PC=40 A=3 B=2 SP=4090 OPCODE=1 OPERAND=1
PC=41 A=4 B=2 SP=4090 OPCODE=3 OPERAND=2
PC=42 A=2 B=2 SP=4090 OPCODE=17 OPERAND=-25
PC=18 A=2 B=2 SP=4090 OPCODE=2 OPERAND=0
PC=19 A=5 B=2 SP=4090 OPCODE=2 OPERAND=2
PC=20 A=4 B=5 SP=4090 OPCODE=7 OPERAND=0
PC=21 A=1 B=5 SP=4090 OPCODE=15 OPERAND=21
PC=22 A=1 B=5 SP=4090 OPCODE=0 OPERAND=66
PC=23 A=66 B=1 SP=4090 OPCODE=2 OPERAND=2
PC=24 A=4 B=66 SP=4090 OPCODE=6 OPERAND=0
PC=25 A=70 B=66 SP=4090 OPCODE=4 OPERAND=0
PC=26 A=4 B=66 SP=4090 OPCODE=3 OPERAND=4
PC=27 A=66 B=66 SP=4090 OPCODE=0 OPERAND=66
PC=28 A=66 B=66 SP=4090 OPCODE=2 OPERAND=3
PC=29 A=1 B=66 SP=4090 OPCODE=6 OPERAND=0
PC=30 A=67 B=66 SP=4090 OPCODE=4 OPERAND=0
PC=31 A=3 B=66 SP=4090 OPCODE=3 OPERAND=5
PC=32 A=66 B=66 SP=4090 OPCODE=2 OPERAND=4
PC=33 A=4 B=66 SP=4090 OPCODE=2 OPERAND=5
PC=34 A=3 B=4 SP=4090 OPCODE=7 OPERAND=0
PC=35 A=1 B=4 SP=4090 OPCODE=16 OPERAND=1
PC=36 A=1 B=4 SP=4090 OPCODE=17 OPERAND=2
PC=39 A=1 B=4 SP=4090 OPCODE=2 OPERAND=2
PC=40 A=4 B=1 SP=4090 OPCODE=1 OPERAND=1
PC=41 A=5 B=1 SP=4090 OPCODE=3 OPERAND=2
PC=42 A=1 B=1 SP=4090 OPCODE=17 OPERAND=-25
PC=18 A=1 B=1 SP=4090 OPCODE=2 OPERAND=0
PC=19 A=5 B=1 SP=4090 OPCODE=2 OPERAND=2
PC=20 A=5 B=5 SP=4090 OPCODE=7 OPERAND=0
PC=21 A=0 B=5 SP=4090 OPCODE=15 OPERAND=21
PC=43 A=0 B=5 SP=4090 OPCODE=0 OPERAND=66
PC=44 A=66 B=0 SP=4090 OPCODE=2 OPERAND=1
PC=45 A=1 B=66 SP=4090 OPCODE=6 OPERAND=0
PC=46 A=67 B=66 SP=4090 OPCODE=3 OPERAND=4
PC=47 A=66 B=66 SP=4090 OPCODE=0 OPERAND=66
PC=48 A=66 B=66 SP=4090 OPCODE=2 OPERAND=3
PC=49 A=1 B=66 SP=4090 OPCODE=6 OPERAND=0
PC=50 A=67 B=66 SP=4090 OPCODE=3 OPERAND=5
PC=51 A=66 B=66 SP=4090 OPCODE=2 OPERAND=4
PC=52 A=67 B=66 SP=4090 OPCODE=4 OPERAND=0
PC=53 A=3 B=66 SP=4090 OPCODE=3 OPERAND=2
PC=54 A=66 B=66 SP=4090 OPCODE=2 OPERAND=5
PC=55 A=67 B=66 SP=4090 OPCODE=4 OPERAND=0
PC=56 A=3 B=66 SP=4090 OPCODE=2 OPERAND=4
PC=57 A=67 B=3 SP=4090 OPCODE=5 OPERAND=0
PC=58 A=67 B=3 SP=4090 OPCODE=2 OPERAND=2
PC=59 A=3 B=67 SP=4090 OPCODE=2 OPERAND=5
PC=60 A=67 B=3 SP=4090 OPCODE=5 OPERAND=0
PC=61 A=67 B=3 SP=4090 OPCODE=2 OPERAND=1
PC=62 A=1 B=67 SP=4090 OPCODE=1 OPERAND=1
PC=63 A=2 B=67 SP=4090 OPCODE=3 OPERAND=1
PC=64 A=67 B=67 SP=4090 OPCODE=17 OPERAND=-57
PC=8 A=67 B=67 SP=4090 OPCODE=2 OPERAND=0
PC=9 A=5 B=67 SP=4090 OPCODE=1 OPERAND=-1
PC=10 A=4 B=67 SP=4090 OPCODE=2 OPERAND=1
PC=11 A=2 B=4 SP=4090 OPCODE=7 OPERAND=0
PC=12 A=2 B=4 SP=4090 OPCODE=15 OPERAND=52
PC=13 A=2 B=4 SP=4090 OPCODE=2 OPERAND=1
PC=14 A=2 B=2 SP=4090 OPCODE=3 OPERAND=3
PC=15 A=2 B=2 SP=4090 OPCODE=2 OPERAND=1
PC=16 A=2 B=2 SP=4090 OPCODE=1 OPERAND=1
PC=17 A=3 B=2 SP=4090 OPCODE=3 OPERAND=2
PC=18 A=2 B=2 SP=4090 OPCODE=2 OPERAND=0
PC=19 A=5 B=2 SP=4090 OPCODE=2 OPERAND=2
PC=20 A=3 B=5 SP=4090 OPCODE=7 OPERAND=0
PC=21 A=2 B=5 SP=4090 OPCODE=15 OPERAND=21
PC=22 A=2 B=5 SP=4090 OPCODE=0 OPERAND=66
PC=23 A=66 B=2 SP=4090 OPCODE=2 OPERAND=2
PC=24 A=3 B=66 SP=4090 OPCODE=6 OPERAND=0
PC=25 A=69 B=66 SP=4090 OPCODE=4 OPERAND=0
PC=26 A=5 B=66 SP=4090 OPCODE=3 OPERAND=4
PC=27 A=66 B=66 SP=4090 OPCODE=0 OPERAND=66
PC=28 A=66 B=66 SP=4090 OPCODE=2 OPERAND=3
PC=29 A=2 B=66 SP=4090 OPCODE=6 OPERAND=0
PC=30 A=68 B=66 SP=4090 OPCODE=4 OPERAND=0
PC=31 A=8 B=66 SP=4090 OPCODE=3 OPERAND=5
PC=32 A=66 B=66 SP=4090 OPCODE=2 OPERAND=4
PC=33 A=5 B=66 SP=4090 OPCODE=2 OPERAND=5
PC=34 A=8 B=5 SP=4090 OPCODE=7 OPERAND=0
PC=35 A=-3 B=5 SP=4090 OPCODE=16 OPERAND=1
PC=37 A=-3 B=5 SP=4090 OPCODE=2 OPERAND=2
PC=38 A=3 B=-3 SP=4090 OPCODE=3 OPERAND=3
PC=39 A=-3 B=-3 SP=4090 OPCODE=2 OPERAND=2
PC=40 A=3 B=-3 SP=4090 OPCODE=1 OPERAND=1
PC=41 A=4 B=-3 SP=4090 OPCODE=3 OPERAND=2
PC=42 A=-3 B=-3 SP=4090 OPCODE=17 OPERAND=-25
PC=18 A=-3 B=-3 SP=4090 OPCODE=2 OPERAND=0
PC=19 A=5 B=-3 SP=4090 OPCODE=2 OPERAND=2
PC=20 A=4 B=5 SP=4090 OPCODE=7 OPERAND=0
PC=21 A=1 B=5 SP=4090 OPCODE=15 OPERAND=21
PC=22 A=1 B=5 SP=4090 OPCODE=0 OPERAND=66
PC=23 A=66 B=1 SP=4090 OPCODE=2 OPERAND=2
PC=24 A=4 B=66 SP=4090 OPCODE=6 OPERAND=0
PC=25 A=70 B=66 SP=4090 OPCODE=4 OPERAND=0
PC=26 A=4 B=66 SP=4090 OPCODE=3 OPERAND=4
PC=27 A=66 B=66 SP=4090 OPCODE=0 OPERAND=66
PC=28 A=66 B=66 SP=4090 OPCODE=2 OPERAND=3
PC=29 A=3 B=66 SP=4090 OPCODE=6 OPERAND=0
PC=30 A=69 B=66 SP=4090 OPCODE=4 OPERAND=0
PC=31 A=5 B=66 SP=4090 OPCODE=3 OPERAND=5
PC=32 A=66 B=66 SP=4090 OPCODE=2 OPERAND=4
PC=33 A=4 B=66 SP=4090 OPCODE=2 OPERAND=5
PC=34 A=5 B=4 SP=4090 OPCODE=7 OPERAND=0
PC=35 A=-1 B=4 SP=4090 OPCODE=16 OPERAND=1
PC=37 A=-1 B=4 SP=4090 OPCODE=2 OPERAND=2
PC=38 A=4 B=-1 SP=4090 OPCODE=3 OPERAND=3
PC=39 A=-1 B=-1 SP=4090 OPCODE=2 OPERAND=2
PC=40 A=4 B=-1 SP=4090 OPCODE=1 OPERAND=1
PC=41 A=5 B=-1 SP=4090 OPCODE=3 OPERAND=2
PC=42 A=-1 B=-1 SP=4090 OPCODE=17 OPERAND=-25
PC=18 A=-1 B=-1 SP=4090 OPCODE=2 OPERAND=0
PC=19 A=5 B=-1 SP=4090 OPCODE=2 OPERAND=2
PC=20 A=5 B=5 SP=4090 OPCODE=7 OPERAND=0
PC=21 A=0 B=5 SP=4090 OPCODE=15 OPERAND=21
PC=43 A=0 B=5 SP=4090 OPCODE=0 OPERAND=66
PC=44 A=66 B=0 SP=4090 OPCODE=2 OPERAND=1
PC=45 A=2 B=66 SP=4090 OPCODE=6 OPERAND=0
PC=46 A=68 B=66 SP=4090 OPCODE=3 OPERAND=4
PC=47 A=66 B=66 SP=4090 OPCODE=0 OPERAND=66
PC=48 A=66 B=66 SP=4090 OPCODE=2 OPERAND=3
PC=49 A=4 B=66 SP=4090 OPCODE=6 OPERAND=0
PC=50 A=70 B=66 SP=4090 OPCODE=3 OPERAND=5
PC=51 A=66 B=66 SP=4090 OPCODE=2 OPERAND=4
PC=52 A=68 B=66 SP=4090 OPCODE=4 OPERAND=0
PC=53 A=8 B=66 SP=4090 OPCODE=3 OPERAND=2
PC=54 A=66 B=66 SP=4090 OPCODE=2 OPERAND=5
PC=55 A=70 B=66 SP=4090 OPCODE=4 OPERAND=0
PC=56 A=4 B=66 SP=4090 OPCODE=2 OPERAND=4
PC=57 A=68 B=4 SP=4090 OPCODE=5 OPERAND=0
PC=58 A=68 B=4 SP=4090 OPCODE=2 OPERAND=2
PC=59 A=8 B=68 SP=4090 OPCODE=2 OPERAND=5
PC=60 A=70 B=8 SP=4090 OPCODE=5 OPERAND=0
PC=61 A=70 B=8 SP=4090 OPCODE=2 OPERAND=1
PC=62 A=2 B=70 SP=4090 OPCODE=1 OPERAND=1
PC=63 A=3 B=70 SP=4090 OPCODE=3 OPERAND=1
PC=64 A=70 B=70 SP=4090 OPCODE=17 OPERAND=-57
PC=8 A=70 B=70 SP=4090 OPCODE=2 OPERAND=0
PC=9 A=5 B=70 SP=4090 OPCODE=1 OPERAND=-1
PC=10 A=4 B=70 SP=4090 OPCODE=2 OPERAND=1
PC=11 A=3 B=4 SP=4090 OPCODE=7 OPERAND=0
PC=12 A=1 B=4 SP=4090 OPCODE=15 OPERAND=52
PC=13 A=1 B=4 SP=4090 OPCODE=2 OPERAND=1
PC=14 A=3 B=1 SP=4090 OPCODE=3 OPERAND=3
PC=15 A=1 B=1 SP=4090 OPCODE=2 OPERAND=1
PC=16 A=3 B=1 SP=4090 OPCODE=1 OPERAND=1
PC=17 A=4 B=1 SP=4090 OPCODE=3 OPERAND=2
PC=18 A=1 B=1 SP=4090 OPCODE=2 OPERAND=0
PC=19 A=5 B=1 SP=4090 OPCODE=2 OPERAND=2
PC=20 A=4 B=5 SP=4090 OPCODE=7 OPERAND=0
PC=21 A=1 B=5 SP=4090 OPCODE=15 OPERAND=21
PC=22 A=1 B=5 SP=4090 OPCODE=0 OPERAND=66
PC=23 A=66 B=1 SP=4090 OPCODE=2 OPERAND=2
PC=24 A=4 B=66 SP=4090 OPCODE=6 OPERAND=0
PC=25 A=70 B=66 SP=4090 OPCODE=4 OPERAND=0
PC=26 A=8 B=66 SP=4090 OPCODE=3 OPERAND=4
PC=27 A=66 B=66 SP=4090 OPCODE=0 OPERAND=66
PC=28 A=66 B=66 SP=4090 OPCODE=2 OPERAND=3
PC=29 A=3 B=66 SP=4090 OPCODE=6 OPERAND=0
PC=30 A=69 B=66 SP=4090 OPCODE=4 OPERAND=0
PC=31 A=5 B=66 SP=4090 OPCODE=3 OPERAND=5
PC=32 A=66 B=66 SP=4090 OPCODE=2 OPERAND=4
PC=33 A=8 B=66 SP=4090 OPCODE=2 OPERAND=5
PC=34 A=5 B=8 SP=4090 OPCODE=7 OPERAND=0
PC=35 A=3 B=8 SP=4090 OPCODE=16 OPERAND=1
PC=36 A=3 B=8 SP=4090 OPCODE=17 OPERAND=2
PC=39 A=3 B=8 SP=4090 OPCODE=2 OPERAND=2
PC=40 A=4 B=3 SP=4090 OPCODE=1 OPERAND=1
PC=41 A=5 B=3 SP=4090 OPCODE=3 OPERAND=2
PC=42 A=3 B=3 SP=4090 OPCODE=17 OPERAND=-25
PC=18 A=3 B=3 SP=4090 OPCODE=2 OPERAND=0
PC=19 A=5 B=3 SP=4090 OPCODE=2 OPERAND=2
PC=20 A=5 B=5 SP=4090 OPCODE=7 OPERAND=0
PC=21 A=0 B=5 SP=4090 OPCODE=15 OPERAND=21
PC=43 A=0 B=5 SP=4090 OPCODE=0 OPERAND=66
PC=44 A=66 B=0 SP=4090 OPCODE=2 OPERAND=1
PC=45 A=3 B=66 SP=4090 OPCODE=6 OPERAND=0
PC=46 A=69 B=66 SP=4090 OPCODE=3 OPERAND=4
PC=47 A=66 B=66 SP=4090 OPCODE=0 OPERAND=66
PC=48 A=66 B=66 SP=4090 OPCODE=2 OPERAND=3
PC=49 A=3 B=66 SP=4090 OPCODE=6 OPERAND=0
PC=50 A=69 B=66 SP=4090 OPCODE=3 OPERAND=5
PC=51 A=66 B=66 SP=4090 OPCODE=2 OPERAND=4
PC=52 A=69 B=66 SP=4090 OPCODE=4 OPERAND=0
PC=53 A=5 B=66 SP=4090 OPCODE=3 OPERAND=2
PC=54 A=66 B=66 SP=4090 OPCODE=2 OPERAND=5
PC=55 A=69 B=66 SP=4090 OPCODE=4 OPERAND=0
PC=56 A=5 B=66 SP=4090 OPCODE=2 OPERAND=4
PC=57 A=69 B=5 SP=4090 OPCODE=5 OPERAND=0
PC=58 A=69 B=5 SP=4090 OPCODE=2 OPERAND=2
PC=59 A=5 B=69 SP=4090 OPCODE=2 OPERAND=5
PC=60 A=69 B=5 SP=4090 OPCODE=5 OPERAND=0
PC=61 A=69 B=5 SP=4090 OPCODE=2 OPERAND=1
PC=62 A=3 B=69 SP=4090 OPCODE=1 OPERAND=1
PC=63 A=4 B=69 SP=4090 OPCODE=3 OPERAND=1
PC=64 A=69 B=69 SP=4090 OPCODE=17 OPERAND=-57
PC=8 A=69 B=69 SP=4090 OPCODE=2 OPERAND=0
PC=9 A=5 B=69 SP=4090 OPCODE=1 OPERAND=-1
PC=10 A=4 B=69 SP=4090 OPCODE=2 OPERAND=1
PC=11 A=4 B=4 SP=4090 OPCODE=7 OPERAND=0
PC=12 A=0 B=4 SP=4090 OPCODE=15 OPERAND=52
PC=65 A=0 B=4 SP=4090 OPCODE=18 OPERAND=0
HALT instruction encountered

Execution Finished

Final Registers
A=0 B=4 PC=66 SP=4090

Memory Dump
0x00000000 0x00100000 0x0000000B 0xFFFFFA0A 0x00004700 
0x00000004 0x00000004 0x00000003 0x00000000 0x00000103 
0x00000008 0x00000002 0xFFFFFF01 0x00000102 0x00000007 
0x0000000C 0x0000340F 0x00000102 0x00000303 0x00000102 
0x00000010 0x00000101 0x00000203 0x00000002 0x00000202 
0x00000014 0x00000007 0x0000150F 0x00004200 0x00000202 
0x00000018 0x00000006 0x00000004 0x00000403 0x00004200 
0x0000001C 0x00000302 0x00000006 0x00000004 0x00000503 
0x00000020 0x00000402 0x00000502 0x00000007 0x00000110 
0x00000024 0x00000211 0x00000202 0x00000303 0x00000202 
0x00000028 0x00000101 0x00000203 0xFFFFE711 0x00004200 
0x0000002C 0x00000102 0x00000006 0x00000403 0x00004200 
0x00000030 0x00000302 0x00000006 0x00000503 0x00000402 
0x00000034 0x00000004 0x00000203 0x00000502 0x00000004 
0x00000038 0x00000402 0x00000005 0x00000202 0x00000502 
0x0000003C 0x00000005 0x00000102 0x00000101 0x00000103 
0x00000040 0xFFFFC711 0x00000012 0x00000001 0x00000003 
0x00000044 0x00000004 0x00000005 0x00000008 0x00000005 
0x00000048 0x00000000 0x00000000 0x00000000 0x00000000 
0x0000004C 0x00000000 0x00000000 0x00000000 0x00000000 
0x00000050 0x00000000 0x00000000 0x00000000 0x00000000 
0x00000054 0x00000000 0x00000000 0x00000000 0x00000000 
0x00000058 0x00000000 0x00000000 0x00000000 0x00000000 
0x0000005C 0x00000000 0x00000000 0x00000000 0x00000000 
0x00000060 0x00000000 0x00000000 0x00000000 0x00000000 
0x00000064 0x00000000 0x00000000 0x00000000 0x00000000 
0x00000068 0x00000000 0x00000000 0x00000000 0x00000000 
0x0000006C 0x00000000 0x00000000 0x00000000 0x00000000 
0x00000070 0x00000000 0x00000000 0x00000000 0x00000000 
0x00000074 0x00000000 0x00000000 0x00000000 0x00000000 
0x00000078 0x00000000 0x00000000 0x00000000 0x00000000 
0x0000007C 0x00000000 0x00000000 0x00000000 0x00000000 
