00000000 00100000 ldc 0x1000
00000001 0000000B a2sp
00000002 FFFFFA0A adj -6
00000003 00004700 ldc n
00000004 00000004 ldnl 0
00000005 00000003 stl 0
00000006 00000000 ldc 0
00000007 00000103 stl 1
00000008 outer:
00000008 00000002 ldl 0
00000009 FFFFFF01 adc -1
0000000A 00000102 ldl 1
0000000B 00000007 sub
0000000C 0000340F brz done
0000000D 00000102 ldl 1
0000000E 00000303 stl 3
0000000F 00000102 ldl 1
00000010 00000101 adc 1
00000011 00000203 stl 2
00000012 inner:
00000012 00000002 ldl 0
00000013 00000202 ldl 2
00000014 00000007 sub
00000015 0000150F brz nextouter
00000016 00004200 ldc array
00000017 00000202 ldl 2
00000018 00000006 add
00000019 00000004 ldnl 0
0000001A 00000403 stl 4
0000001B 00004200 ldc array
0000001C 00000302 ldl 3
0000001D 00000006 add
0000001E 00000004 ldnl 0
0000001F 00000503 stl 5
00000020 00000402 ldl 4
00000021 00000502 ldl 5
00000022 00000007 sub
00000023 00000110 brlz newmin
00000024 00000211 br incj
00000025 newmin:
00000025 00000202 ldl 2
00000026 00000303 stl 3
00000027 incj:
00000027 00000202 ldl 2
00000028 00000101 adc 1
00000029 00000203 stl 2
0000002A FFFFE711 br inner
0000002B nextouter:
0000002B 00004200 ldc array
0000002C 00000102 ldl 1
0000002D 00000006 add
0000002E 00000403 stl 4
0000002F 00004200 ldc array
00000030 00000302 ldl 3
00000031 00000006 add
00000032 00000503 stl 5
00000033 00000402 ldl 4
00000034 00000004 ldnl 0
00000035 00000203 stl 2
00000036 00000502 ldl 5
00000037 00000004 ldnl 0
00000038 00000402 ldl 4
00000039 00000005 stnl 0
0000003A 00000202 ldl 2
0000003B 00000502 ldl 5
0000003C 00000005 stnl 0
0000003D 00000102 ldl 1
0000003E 00000101 adc 1
0000003F 00000103 stl 1
00000040 FFFFC711 br outer
00000041 done:
00000041 00000012 HALT
00000042 array:
00000042 00000005 data 5
00000043 00000003 data 3
00000044 00000008 data 8
00000045 00000001 data 1
00000046 00000004 data 4
00000047 n:
00000047 00000005 data 5
